/Users/ruan-x/Documents/FY27/robot-3d-asset/blender/scripts/build_robot.py:34: DeprecationWarning: 'Material.use_nodes' is expected to be removed in Blender 6.0
  m=bpy.data.materials.new(name);m.diffuse_color=(*color,1);m.use_nodes=True
00:00.674  io.stl           | WARNING Removed 16 degenerate triangles during import
00:00.903  io.stl           | WARNING Removed 16 degenerate triangles during import
00:01.174  io.stl           | WARNING Removed 16 degenerate triangles during import
00:01.518  io.stl           | WARNING Removed 1 duplicate triangles during import
00:02.040  io.stl           | WARNING Removed 202 duplicate triangles during import
00:02.170  io.stl           | WARNING Removed 202 duplicate triangles during import
00:03.060  io.stl           | WARNING Removed 40 degenerate triangles during import
Info: Saved as "robot_master_v002.blend"
INFO Draco is available, use library at /Applications/Blender.app/Contents/Resources/5.2/scripts/addons_core/io_scene_gltf2/libbf_intern_draco_bridge.dylib
INFO MeshOptimizer is available, use library at /Applications/Blender.app/Contents/Resources/5.2/scripts/addons_core/io_scene_gltf2/libbf_intern_meshopt_bridge.dylib
23:09:18 | INFO: Starting glTF 2.0 export
23:09:18 | INFO: Extracting primitive: Cube.081
23:09:18 | INFO: Primitives created: 1
23:09:18 | INFO: Extracting primitive: Cube.082
23:09:18 | INFO: Primitives created: 1
23:09:18 | INFO: Extracting primitive: Cube.083
23:09:18 | INFO: Primitives created: 1
23:09:18 | INFO: Extracting primitive: Cube.084
23:09:18 | INFO: Primitives created: 1
23:09:18 | INFO: Extracting primitive: Cube.085
23:09:18 | INFO: Primitives created: 1
23:09:18 | INFO: Extracting primitive: Cube.086
23:09:18 | INFO: Primitives created: 1
23:09:18 | INFO: Extracting primitive: Cube.087
23:09:18 | INFO: Primitives created: 1
23:09:18 | INFO: Extracting primitive: Cube.088
23:09:18 | INFO: Primitives created: 1
23:09:18 | INFO: Extracting primitive: Cube.089
23:09:18 | INFO: Primitives created: 1
23:09:18 | INFO: Extracting primitive: Cube.090
23:09:18 | INFO: Primitives created: 1
23:09:18 | INFO: Extracting primitive: Cube.091
23:09:18 | INFO: Primitives created: 1
23:09:18 | INFO: Extracting primitive: Cube.092
23:09:18 | INFO: Primitives created: 1
23:09:18 | INFO: Extracting primitive: Cube.093
23:09:18 | INFO: Primitives created: 1
23:09:18 | INFO: Extracting primitive: Cube.094
23:09:18 | INFO: Primitives created: 1
23:09:18 | INFO: Extracting primitive: Cube.095
23:09:18 | INFO: Primitives created: 1
23:09:18 | INFO: Extracting primitive: Cube.011
23:09:18 | INFO: Primitives created: 1
23:09:18 | INFO: Extracting primitive: Cube.012
23:09:18 | INFO: Primitives created: 1
23:09:18 | INFO: Extracting primitive: Cube.013
23:09:18 | INFO: Primitives created: 1
23:09:18 | INFO: Extracting primitive: Cube.014
23:09:18 | INFO: Primitives created: 1
23:09:18 | INFO: Extracting primitive: Cube.015
23:09:18 | INFO: Primitives created: 1
23:09:18 | INFO: Extracting primitive: Cube.016
23:09:18 | INFO: Primitives created: 1
23:09:18 | INFO: Extracting primitive: Cube.017
23:09:18 | INFO: Primitives created: 1
23:09:18 | INFO: Extracting primitive: Cube.018
23:09:18 | INFO: Primitives created: 1
23:09:18 | INFO: Extracting primitive: Cube.019
23:09:18 | INFO: Primitives created: 1
23:09:18 | INFO: Extracting primitive: Cube.020
23:09:18 | INFO: Primitives created: 1
23:09:18 | INFO: Extracting primitive: Cube.031
23:09:18 | INFO: Primitives created: 1
23:09:18 | INFO: Extracting primitive: Cube.032
23:09:18 | INFO: Primitives created: 1
23:09:18 | INFO: Extracting primitive: Cube.033
23:09:18 | INFO: Primitives created: 1
23:09:18 | INFO: Extracting primitive: Cube.034
23:09:18 | INFO: Primitives created: 1
23:09:18 | INFO: Extracting primitive: Cube.035
23:09:18 | INFO: Primitives created: 1
23:09:18 | INFO: Extracting primitive: Cube.036
23:09:18 | INFO: Primitives created: 1
23:09:18 | INFO: Extracting primitive: Cube.037
23:09:18 | INFO: Primitives created: 1
23:09:18 | INFO: Extracting primitive: Cube.038
23:09:18 | INFO: Primitives created: 1
23:09:18 | INFO: Extracting primitive: Cube.039
23:09:18 | INFO: Primitives created: 1
23:09:18 | INFO: Extracting primitive: Cube.040
23:09:18 | INFO: Primitives created: 1
23:09:18 | INFO: Extracting primitive: Cube.051
23:09:18 | INFO: Primitives created: 1
23:09:18 | INFO: Extracting primitive: Cube.052
23:09:18 | INFO: Primitives created: 1
23:09:18 | INFO: Extracting primitive: Cube.053
23:09:18 | INFO: Primitives created: 1
23:09:18 | INFO: Extracting primitive: Cube.054
23:09:18 | INFO: Primitives created: 1
23:09:18 | INFO: Extracting primitive: Cube.055
23:09:18 | INFO: Primitives created: 1
23:09:18 | INFO: Extracting primitive: Cube.056
23:09:18 | INFO: Primitives created: 1
23:09:18 | INFO: Extracting primitive: Cube.057
23:09:18 | INFO: Primitives created: 1
23:09:18 | INFO: Extracting primitive: Cube.058
23:09:18 | INFO: Primitives created: 1
23:09:18 | INFO: Extracting primitive: Cube.059
23:09:18 | INFO: Primitives created: 1
23:09:18 | INFO: Extracting primitive: Cube.060
23:09:18 | INFO: Primitives created: 1
23:09:18 | INFO: Extracting primitive: Cube.001
23:09:18 | INFO: Primitives created: 1
23:09:18 | INFO: Extracting primitive: Cube.002
23:09:18 | INFO: Primitives created: 1
23:09:18 | INFO: Extracting primitive: Cube.003
23:09:18 | INFO: Primitives created: 1
23:09:18 | INFO: Extracting primitive: Cube.004
23:09:18 | INFO: Primitives created: 1
23:09:18 | INFO: Extracting primitive: Cube.005
23:09:18 | INFO: Primitives created: 1
23:09:18 | INFO: Extracting primitive: Cube.006
23:09:18 | INFO: Primitives created: 1
23:09:18 | INFO: Extracting primitive: Cube.007
23:09:18 | INFO: Primitives created: 1
23:09:18 | INFO: Extracting primitive: Cube.008
23:09:18 | INFO: Primitives created: 1
23:09:18 | INFO: Extracting primitive: Cube.009
23:09:18 | INFO: Primitives created: 1
23:09:18 | INFO: Extracting primitive: Cube.010
23:09:18 | INFO: Primitives created: 1
23:09:18 | INFO: Extracting primitive: Cube.021
23:09:18 | INFO: Primitives created: 1
23:09:18 | INFO: Extracting primitive: Cube.022
23:09:18 | INFO: Primitives created: 1
23:09:18 | INFO: Extracting primitive: Cube.023
23:09:18 | INFO: Primitives created: 1
23:09:18 | INFO: Extracting primitive: Cube.024
23:09:18 | INFO: Primitives created: 1
23:09:18 | INFO: Extracting primitive: Cube.025
23:09:18 | INFO: Primitives created: 1
23:09:18 | INFO: Extracting primitive: Cube.026
23:09:18 | INFO: Primitives created: 1
23:09:18 | INFO: Extracting primitive: Cube.027
23:09:18 | INFO: Primitives created: 1
23:09:18 | INFO: Extracting primitive: Cube.028
23:09:18 | INFO: Primitives created: 1
23:09:18 | INFO: Extracting primitive: Cube.029
23:09:18 | INFO: Primitives created: 1
23:09:18 | INFO: Extracting primitive: Cube.030
23:09:18 | INFO: Primitives created: 1
23:09:18 | INFO: Extracting primitive: Cube.041
23:09:18 | INFO: Primitives created: 1
23:09:18 | INFO: Extracting primitive: Cube.042
23:09:18 | INFO: Primitives created: 1
23:09:18 | INFO: Extracting primitive: Cube.043
23:09:18 | INFO: Primitives created: 1
23:09:18 | INFO: Extracting primitive: Cube.044
23:09:18 | INFO: Primitives created: 1
23:09:18 | INFO: Extracting primitive: Cube.045
23:09:18 | INFO: Primitives created: 1
23:09:18 | INFO: Extracting primitive: Cube.046
23:09:18 | INFO: Primitives created: 1
23:09:18 | INFO: Extracting primitive: Cube.047
23:09:18 | INFO: Primitives created: 1
23:09:18 | INFO: Extracting primitive: Cube.048
23:09:18 | INFO: Primitives created: 1
23:09:18 | INFO: Extracting primitive: Cube.049
23:09:18 | INFO: Primitives created: 1
23:09:18 | INFO: Extracting primitive: Cube.050
23:09:18 | INFO: Primitives created: 1
23:09:18 | INFO: Extracting primitive: Cube.061
23:09:18 | INFO: Primitives created: 1
23:09:18 | INFO: Extracting primitive: Cube.062
23:09:18 | INFO: Primitives created: 1
23:09:18 | INFO: Extracting primitive: Cube.063
23:09:18 | INFO: Primitives created: 1
23:09:18 | INFO: Extracting primitive: Cube.064
23:09:18 | INFO: Primitives created: 1
23:09:18 | INFO: Extracting primitive: Cube.065
23:09:18 | INFO: Primitives created: 1
23:09:18 | INFO: Extracting primitive: Cube.066
23:09:18 | INFO: Primitives created: 1
23:09:18 | INFO: Extracting primitive: Cube.067
23:09:18 | INFO: Primitives created: 1
23:09:18 | INFO: Extracting primitive: Cube.068
23:09:18 | INFO: Primitives created: 1
23:09:18 | INFO: Extracting primitive: Cube.069
23:09:18 | INFO: Primitives created: 1
23:09:18 | INFO: Extracting primitive: Cube.070
23:09:18 | INFO: Primitives created: 1
23:09:18 | INFO: Extracting primitive: Cube.071
23:09:18 | INFO: Primitives created: 1
23:09:18 | INFO: Extracting primitive: Cube.072
23:09:18 | INFO: Primitives created: 1
23:09:18 | INFO: Extracting primitive: Cube.073
23:09:18 | INFO: Primitives created: 1
23:09:18 | INFO: Extracting primitive: Cube.074
23:09:18 | INFO: Primitives created: 1
23:09:18 | INFO: Extracting primitive: Cube.075
23:09:18 | INFO: Primitives created: 1
23:09:18 | INFO: Extracting primitive: Cube.076
23:09:18 | INFO: Primitives created: 1
23:09:18 | INFO: Extracting primitive: Cube.077
23:09:18 | INFO: Primitives created: 1
23:09:18 | INFO: Extracting primitive: Cube.078
23:09:18 | INFO: Primitives created: 1
23:09:18 | INFO: Extracting primitive: Cube.079
23:09:18 | INFO: Primitives created: 1
23:09:18 | INFO: Extracting primitive: Cube.080
23:09:18 | INFO: Primitives created: 1
23:09:18 | INFO: Extracting primitive: Cube.098
23:09:18 | INFO: Primitives created: 1
23:09:18 | INFO: Extracting primitive: Cube.099
23:09:18 | INFO: Primitives created: 1
23:09:18 | INFO: Extracting primitive: Cube.100
23:09:18 | INFO: Primitives created: 1
23:09:18 | INFO: Extracting primitive: Cube.101
23:09:18 | INFO: Primitives created: 1
23:09:18 | INFO: Extracting primitive: Cube.102
23:09:18 | INFO: Primitives created: 1
23:09:18 | INFO: Extracting primitive: Cube.096
23:09:18 | INFO: Primitives created: 1
23:09:18 | INFO: Extracting primitive: Cylinder
23:09:18 | INFO: Primitives created: 1
23:09:18 | INFO: Extracting primitive: Cylinder.001
23:09:18 | INFO: Primitives created: 1
23:09:18 | INFO: Extracting primitive: Cylinder.002
23:09:18 | INFO: Primitives created: 1
23:09:18 | INFO: Extracting primitive: Cylinder.003
23:09:18 | INFO: Primitives created: 1
23:09:18 | INFO: Extracting primitive: Cylinder.004
23:09:18 | INFO: Primitives created: 1
23:09:18 | INFO: Extracting primitive: Cylinder.005
23:09:18 | INFO: Primitives created: 1
23:09:18 | INFO: Extracting primitive: Cylinder.006
23:09:18 | INFO: Primitives created: 1
23:09:18 | INFO: Extracting primitive: Cylinder.007
23:09:18 | INFO: Primitives created: 1
23:09:18 | INFO: Extracting primitive: Cube.198
23:09:18 | INFO: Primitives created: 1
23:09:18 | INFO: Extracting primitive: Cube.199
23:09:18 | INFO: Primitives created: 1
23:09:18 | INFO: Extracting primitive: Cube.197
23:09:18 | INFO: Primitives created: 1
23:09:18 | INFO: Extracting primitive: Cube.196
23:09:18 | INFO: Primitives created: 1
23:09:18 | INFO: Extracting primitive: Cube.194
23:09:18 | INFO: Primitives created: 1
23:09:18 | INFO: Extracting primitive: Cube.195
23:09:18 | INFO: Primitives created: 1
23:09:18 | INFO: Extracting primitive: Cube.193
23:09:18 | INFO: Primitives created: 1
23:09:18 | INFO: Extracting primitive: Cube.192
23:09:18 | INFO: Primitives created: 1
23:09:18 | INFO: Extracting primitive: AZ  IT12B-FP
23:09:18 | INFO: Primitives created: 1
23:09:18 | INFO: Extracting primitive: Cube.206
23:09:18 | INFO: Primitives created: 1
23:09:18 | INFO: Extracting primitive: Cube.207
23:09:18 | INFO: Primitives created: 1
23:09:18 | INFO: Extracting primitive: Cube.205
23:09:18 | INFO: Primitives created: 1
23:09:18 | INFO: Extracting primitive: Cube.204
23:09:18 | INFO: Primitives created: 1
23:09:18 | INFO: Extracting primitive: Cube.202
23:09:18 | INFO: Primitives created: 1
23:09:18 | INFO: Extracting primitive: Cube.203
23:09:18 | INFO: Primitives created: 1
23:09:18 | INFO: Extracting primitive: Cube.201
23:09:18 | INFO: Primitives created: 1
23:09:18 | INFO: Extracting primitive: Cube.200
23:09:18 | INFO: Primitives created: 1
23:09:18 | INFO: Extracting primitive: AZ  IT12B-FP.001
23:09:18 | INFO: Primitives created: 1
23:09:18 | INFO: Extracting primitive: Cube.214
23:09:18 | INFO: Primitives created: 1
23:09:18 | INFO: Extracting primitive: Cube.215
23:09:18 | INFO: Primitives created: 1
23:09:18 | INFO: Extracting primitive: Cube.213
23:09:18 | INFO: Primitives created: 1
23:09:18 | INFO: Extracting primitive: Cube.212
23:09:18 | INFO: Primitives created: 1
23:09:18 | INFO: Extracting primitive: Cube.210
23:09:18 | INFO: Primitives created: 1
23:09:18 | INFO: Extracting primitive: Cube.211
23:09:18 | INFO: Primitives created: 1
23:09:18 | INFO: Extracting primitive: Cube.209
23:09:18 | INFO: Primitives created: 1
23:09:18 | INFO: Extracting primitive: Cube.208
23:09:18 | INFO: Primitives created: 1
23:09:18 | INFO: Extracting primitive: AZ  IT12B-FP.002
23:09:18 | INFO: Primitives created: 1
23:09:18 | INFO: Extracting primitive: Cube.222
23:09:18 | INFO: Primitives created: 1
23:09:18 | INFO: Extracting primitive: Cube.223
23:09:18 | INFO: Primitives created: 1
23:09:18 | INFO: Extracting primitive: Cube.221
23:09:18 | INFO: Primitives created: 1
23:09:18 | INFO: Extracting primitive: Cube.220
23:09:18 | INFO: Primitives created: 1
23:09:18 | INFO: Extracting primitive: Cube.218
23:09:18 | INFO: Primitives created: 1
23:09:18 | INFO: Extracting primitive: Cube.219
23:09:18 | INFO: Primitives created: 1
23:09:18 | INFO: Extracting primitive: Cube.217
23:09:18 | INFO: Primitives created: 1
23:09:18 | INFO: Extracting primitive: Cube.216
23:09:18 | INFO: Primitives created: 1
23:09:18 | INFO: Extracting primitive: AZ  IT12B-FP.003
23:09:18 | INFO: Primitives created: 1
23:09:18 | INFO: Extracting primitive: Cube.156
23:09:18 | INFO: Primitives created: 1
23:09:18 | INFO: Extracting primitive: Cube.159
23:09:18 | INFO: Primitives created: 1
23:09:18 | INFO: Extracting primitive: Cube.162
23:09:18 | INFO: Primitives created: 1
23:09:18 | INFO: Extracting primitive: Cube.157
23:09:18 | INFO: Primitives created: 1
23:09:18 | INFO: Extracting primitive: Cube.160
23:09:18 | INFO: Primitives created: 1
23:09:18 | INFO: Extracting primitive: Cube.163
23:09:18 | INFO: Primitives created: 1
23:09:18 | INFO: Extracting primitive: Cube.155
23:09:18 | INFO: Primitives created: 1
23:09:18 | INFO: Extracting primitive: Cube.158
23:09:18 | INFO: Primitives created: 1
23:09:18 | INFO: Extracting primitive: Cube.161
23:09:18 | INFO: Primitives created: 1
23:09:18 | INFO: Extracting primitive: BLVD-KRD
23:09:18 | INFO: Primitives created: 1
23:09:18 | INFO: Extracting primitive: BLVD-KRD.001
23:09:18 | INFO: Primitives created: 1
23:09:18 | INFO: Extracting primitive: BLVD-KRD.002
23:09:18 | INFO: Primitives created: 1
23:09:18 | INFO: Extracting primitive: NUC
23:09:18 | INFO: Primitives created: 1
23:09:18 | INFO: Extracting primitive: Cube.164
23:09:18 | INFO: Primitives created: 1
23:09:18 | INFO: Extracting primitive: Cube.165
23:09:18 | INFO: Primitives created: 1
23:09:18 | INFO: Extracting primitive: Cube.166
23:09:18 | INFO: Primitives created: 1
23:09:18 | INFO: Extracting primitive: Cube.167
23:09:18 | INFO: Primitives created: 1
23:09:18 | INFO: Extracting primitive: Cube.168
23:09:18 | INFO: Primitives created: 1
23:09:18 | INFO: Extracting primitive: Cube.169
23:09:18 | INFO: Primitives created: 1
23:09:18 | INFO: Extracting primitive: Cube.170
23:09:18 | INFO: Primitives created: 1
23:09:18 | INFO: Extracting primitive: Cube.171
23:09:18 | INFO: Primitives created: 1
23:09:18 | INFO: Extracting primitive: Cube.178
23:09:18 | INFO: Primitives created: 1
23:09:18 | INFO: Extracting primitive: Cube.181
23:09:18 | INFO: Primitives created: 1
23:09:18 | INFO: Extracting primitive: Cube.180
23:09:18 | INFO: Primitives created: 1
23:09:18 | INFO: Extracting primitive: UNO
23:09:18 | INFO: Primitives created: 1
23:09:18 | INFO: Extracting primitive: Cylinder.095
23:09:18 | INFO: Primitives created: 1
23:09:18 | INFO: Extracting primitive: Cylinder.096
23:09:18 | INFO: Primitives created: 1
23:09:18 | INFO: Extracting primitive: Cylinder.097
23:09:18 | INFO: Primitives created: 1
23:09:18 | INFO: Extracting primitive: Cylinder.098
23:09:18 | INFO: Primitives created: 1
23:09:18 | INFO: Extracting primitive: Cube.182
23:09:18 | INFO: Primitives created: 1
23:09:18 | INFO: Extracting primitive: Cube.183
23:09:18 | INFO: Primitives created: 1
23:09:18 | INFO: Extracting primitive: Cube.179
23:09:18 | INFO: Primitives created: 1
23:09:18 | INFO: Extracting primitive: Cube.185
23:09:18 | INFO: Primitives created: 1
23:09:18 | INFO: Extracting primitive: 5V > 24V
23:09:18 | INFO: Primitives created: 1
23:09:18 | INFO: Extracting primitive: Cube.184
23:09:18 | INFO: Primitives created: 1
23:09:18 | INFO: Extracting primitive: Cylinder.099
23:09:18 | INFO: Primitives created: 1
23:09:18 | INFO: Extracting primitive: Cylinder.100
23:09:18 | INFO: Primitives created: 1
23:09:18 | INFO: Extracting primitive: Cylinder.101
23:09:18 | INFO: Primitives created: 1
23:09:18 | INFO: Extracting primitive: Cylinder.102
23:09:18 | INFO: Primitives created: 1
23:09:18 | INFO: Extracting primitive: Cube.186
23:09:18 | INFO: Primitives created: 1
23:09:18 | INFO: Extracting primitive: Cube.187
23:09:18 | INFO: Primitives created: 1
23:09:18 | INFO: Extracting primitive: Cube.189
23:09:18 | INFO: Primitives created: 1
23:09:18 | INFO: Extracting primitive: RS485
23:09:18 | INFO: Primitives created: 1
23:09:18 | INFO: Extracting primitive: Cylinder.103
23:09:18 | INFO: Primitives created: 1
23:09:18 | INFO: Extracting primitive: Cylinder.104
23:09:18 | INFO: Primitives created: 1
23:09:18 | INFO: Extracting primitive: Cylinder.105
23:09:18 | INFO: Primitives created: 1
23:09:18 | INFO: Extracting primitive: Cylinder.106
23:09:18 | INFO: Primitives created: 1
23:09:18 | INFO: Extracting primitive: Cube.188
23:09:18 | INFO: Primitives created: 1
23:09:18 | INFO: Extracting primitive: Cube.190
23:09:18 | INFO: Primitives created: 1
23:09:18 | INFO: Extracting primitive: Cube.191
23:09:18 | INFO: Primitives created: 1
23:09:18 | INFO: Extracting primitive: Cube.173
23:09:18 | INFO: Primitives created: 1
23:09:18 | INFO: Extracting primitive: Cube.176
23:09:18 | INFO: Primitives created: 1
23:09:18 | INFO: Extracting primitive: Cube.177
23:09:18 | INFO: Primitives created: 1
23:09:18 | INFO: Extracting primitive: Cube.174
23:09:18 | INFO: Primitives created: 1
23:09:18 | INFO: Extracting primitive: Cube.175
23:09:18 | INFO: Primitives created: 1
23:09:18 | INFO: Extracting primitive: Cube.153
23:09:18 | INFO: Primitives created: 1
23:09:18 | INFO: Extracting primitive: Cube.154
23:09:18 | INFO: Primitives created: 1
23:09:18 | INFO: Extracting primitive: Cube.151
23:09:18 | INFO: Primitives created: 1
23:09:18 | INFO: Extracting primitive: Cube.152
23:09:18 | INFO: Primitives created: 1
23:09:18 | INFO: Extracting primitive: AZD-KD
23:09:18 | INFO: Primitives created: 1
23:09:18 | INFO: Extracting primitive: Cube.132
23:09:18 | INFO: Primitives created: 1
23:09:18 | INFO: Extracting primitive: Cube.133
23:09:18 | INFO: Primitives created: 1
23:09:18 | INFO: Extracting primitive: Cube.131
23:09:18 | INFO: Primitives created: 1
23:09:18 | INFO: Extracting primitive: Cube.127
23:09:18 | INFO: Primitives created: 1
23:09:18 | INFO: Extracting primitive: Cube.134
23:09:18 | INFO: Primitives created: 1
23:09:18 | INFO: Extracting primitive: Cube.128
23:09:18 | INFO: Primitives created: 1
23:09:18 | INFO: Extracting primitive: Cube.139
23:09:18 | INFO: Primitives created: 1
23:09:18 | INFO: Extracting primitive: EASM2XF020AZAK
23:09:18 | INFO: Primitives created: 1
23:09:18 | INFO: Extracting primitive: Cube.129
23:09:18 | INFO: Primitives created: 1
23:09:18 | INFO: Extracting primitive: Cube.130
23:09:18 | INFO: Primitives created: 1
23:09:18 | INFO: Extracting primitive: Cube.135
23:09:18 | INFO: Primitives created: 1
23:09:18 | INFO: Extracting primitive: Cube.137
23:09:18 | INFO: Primitives created: 1
23:09:18 | INFO: Extracting primitive: Cube.136
23:09:18 | INFO: Primitives created: 1
23:09:18 | INFO: Extracting primitive: Cube.138
23:09:18 | INFO: Primitives created: 1
23:09:18 | INFO: Extracting primitive: Cube.140
23:09:18 | INFO: Primitives created: 1
23:09:18 | INFO: Extracting primitive: Estimated wrist camera support
23:09:18 | INFO: Primitives created: 1
23:09:18 | INFO: Extracting primitive: Cube.143
23:09:18 | INFO: Primitives created: 1
23:09:18 | INFO: Extracting primitive: Cylinder.092
23:09:18 | INFO: Primitives created: 1
23:09:18 | INFO: Extracting primitive: moving_jaw_so101_v1
23:09:18 | INFO: Primitives created: 1
23:09:18 | INFO: Extracting primitive: sts3215_03a_v1.004
23:09:18 | INFO: Primitives created: 1
23:09:18 | INFO: Extracting primitive: wrist_roll_follower_so101_v1
23:09:18 | INFO: Primitives created: 1
23:09:18 | INFO: Extracting primitive: sts3215_03a_no_horn_v1
23:09:18 | INFO: Primitives created: 1
23:09:18 | INFO: Extracting primitive: wrist_roll_pitch_so101_v2
23:09:18 | INFO: Primitives created: 1
23:09:18 | INFO: Extracting primitive: under_arm_so101_v1
23:09:18 | INFO: Primitives created: 1
23:09:18 | INFO: Extracting primitive: motor_holder_so101_wrist_v1
23:09:18 | INFO: Primitives created: 1
23:09:18 | INFO: Extracting primitive: sts3215_03a_v1.003
23:09:18 | INFO: Primitives created: 1
23:09:18 | INFO: Extracting primitive: sts3215_03a_v1.002
23:09:18 | INFO: Primitives created: 1
23:09:18 | INFO: Extracting primitive: upper_arm_so101_v1
23:09:18 | INFO: Primitives created: 1
23:09:18 | INFO: Extracting primitive: sts3215_03a_v1.001
23:09:18 | INFO: Primitives created: 1
23:09:18 | INFO: Extracting primitive: motor_holder_so101_base_v1
23:09:18 | INFO: Primitives created: 1
23:09:18 | INFO: Extracting primitive: rotation_pitch_so101_v1
23:09:18 | INFO: Primitives created: 1
23:09:18 | INFO: Extracting primitive: base_motor_holder_so101_v1
23:09:18 | INFO: Primitives created: 1
23:09:18 | INFO: Extracting primitive: base_so101_v2
23:09:18 | INFO: Primitives created: 1
23:09:18 | INFO: Extracting primitive: sts3215_03a_v1
23:09:18 | INFO: Primitives created: 1
23:09:18 | INFO: Extracting primitive: waveshare_mounting_plate_so101_v2
23:09:18 | INFO: Primitives created: 1
23:09:18 | INFO: Extracting primitive: Cube.142
23:09:18 | INFO: Primitives created: 1
23:09:18 | INFO: Extracting primitive: Cube.141
23:09:18 | INFO: Primitives created: 1
23:09:18 | INFO: Extracting primitive: Cylinder.009
23:09:18 | INFO: Primitives created: 1
23:09:18 | INFO: Extracting primitive: Cylinder.019
23:09:18 | INFO: Primitives created: 1
23:09:18 | INFO: Extracting primitive: Cube.104
23:09:18 | INFO: Primitives created: 1
23:09:18 | INFO: Extracting primitive: Cube.105
23:09:18 | INFO: Primitives created: 1
23:09:18 | INFO: Extracting primitive: Cylinder.011
23:09:18 | INFO: Primitives created: 1
23:09:18 | INFO: Extracting primitive: Cylinder.012
23:09:18 | INFO: Primitives created: 1
23:09:18 | INFO: Extracting primitive: Cylinder.013
23:09:18 | INFO: Primitives created: 1
23:09:18 | INFO: Extracting primitive: Cylinder.014
23:09:18 | INFO: Primitives created: 1
23:09:18 | INFO: Extracting primitive: Cylinder.015
23:09:18 | INFO: Primitives created: 1
23:09:18 | INFO: Extracting primitive: Cylinder.016
23:09:18 | INFO: Primitives created: 1
23:09:18 | INFO: Extracting primitive: Cylinder.017
23:09:18 | INFO: Primitives created: 1
23:09:18 | INFO: Extracting primitive: Cylinder.018
23:09:18 | INFO: Primitives created: 1
23:09:18 | INFO: Extracting primitive: Cylinder.021
23:09:18 | INFO: Primitives created: 1
23:09:18 | INFO: Extracting primitive: Cylinder.022
23:09:18 | INFO: Primitives created: 1
23:09:18 | INFO: Extracting primitive: Cylinder.023
23:09:18 | INFO: Primitives created: 1
23:09:18 | INFO: Extracting primitive: Cylinder.024
23:09:18 | INFO: Primitives created: 1
23:09:18 | INFO: Extracting primitive: Cylinder.025
23:09:18 | INFO: Primitives created: 1
23:09:18 | INFO: Extracting primitive: Cylinder.026
23:09:18 | INFO: Primitives created: 1
23:09:18 | INFO: Extracting primitive: Cylinder.027
23:09:18 | INFO: Primitives created: 1
23:09:18 | INFO: Extracting primitive: Cylinder.028
23:09:18 | INFO: Primitives created: 1
23:09:18 | INFO: Extracting primitive: Cylinder.029
23:09:18 | INFO: Primitives created: 1
23:09:18 | INFO: Extracting primitive: Cylinder.008
23:09:18 | INFO: Primitives created: 1
23:09:18 | INFO: Extracting primitive: Cylinder.010
23:09:18 | INFO: Primitives created: 1
23:09:18 | INFO: Extracting primitive: Cylinder.020
23:09:18 | INFO: Primitives created: 1
23:09:18 | INFO: Extracting primitive: Cube.103
23:09:18 | INFO: Primitives created: 1
23:09:18 | INFO: Extracting primitive: Cylinder.037
23:09:18 | INFO: Primitives created: 1
23:09:18 | INFO: Extracting primitive: Cylinder.047
23:09:18 | INFO: Primitives created: 1
23:09:18 | INFO: Extracting primitive: Cube.112
23:09:18 | INFO: Primitives created: 1
23:09:18 | INFO: Extracting primitive: Cube.113
23:09:18 | INFO: Primitives created: 1
23:09:18 | INFO: Extracting primitive: Cylinder.039
23:09:18 | INFO: Primitives created: 1
23:09:18 | INFO: Extracting primitive: Cylinder.040
23:09:18 | INFO: Primitives created: 1
23:09:18 | INFO: Extracting primitive: Cylinder.041
23:09:18 | INFO: Primitives created: 1
23:09:18 | INFO: Extracting primitive: Cylinder.042
23:09:18 | INFO: Primitives created: 1
23:09:18 | INFO: Extracting primitive: Cylinder.043
23:09:18 | INFO: Primitives created: 1
23:09:18 | INFO: Extracting primitive: Cylinder.044
23:09:18 | INFO: Primitives created: 1
23:09:18 | INFO: Extracting primitive: Cylinder.045
23:09:18 | INFO: Primitives created: 1
23:09:18 | INFO: Extracting primitive: Cylinder.046
23:09:18 | INFO: Primitives created: 1
23:09:18 | INFO: Extracting primitive: Cylinder.049
23:09:18 | INFO: Primitives created: 1
23:09:18 | INFO: Extracting primitive: Cylinder.050
23:09:18 | INFO: Primitives created: 1
23:09:18 | INFO: Extracting primitive: Cylinder.051
23:09:18 | INFO: Primitives created: 1
23:09:18 | INFO: Extracting primitive: Cylinder.052
23:09:18 | INFO: Primitives created: 1
23:09:18 | INFO: Extracting primitive: Cylinder.053
23:09:18 | INFO: Primitives created: 1
23:09:18 | INFO: Extracting primitive: Cylinder.054
23:09:18 | INFO: Primitives created: 1
23:09:18 | INFO: Extracting primitive: Cylinder.055
23:09:18 | INFO: Primitives created: 1
23:09:18 | INFO: Extracting primitive: Cylinder.056
23:09:18 | INFO: Primitives created: 1
23:09:18 | INFO: Extracting primitive: Cylinder.057
23:09:18 | INFO: Primitives created: 1
23:09:18 | INFO: Extracting primitive: Cylinder.036
23:09:18 | INFO: Primitives created: 1
23:09:18 | INFO: Extracting primitive: Cylinder.038
23:09:18 | INFO: Primitives created: 1
23:09:18 | INFO: Extracting primitive: Cylinder.048
23:09:18 | INFO: Primitives created: 1
23:09:18 | INFO: Extracting primitive: Cube.111
23:09:18 | INFO: Primitives created: 1
23:09:18 | INFO: Extracting primitive: Cylinder.065
23:09:18 | INFO: Primitives created: 1
23:09:18 | INFO: Extracting primitive: Cylinder.075
23:09:18 | INFO: Primitives created: 1
23:09:18 | INFO: Extracting primitive: Cube.120
23:09:18 | INFO: Primitives created: 1
23:09:18 | INFO: Extracting primitive: Cube.121
23:09:18 | INFO: Primitives created: 1
23:09:18 | INFO: Extracting primitive: Cylinder.067
23:09:18 | INFO: Primitives created: 1
23:09:18 | INFO: Extracting primitive: Cylinder.068
23:09:18 | INFO: Primitives created: 1
23:09:18 | INFO: Extracting primitive: Cylinder.069
23:09:18 | INFO: Primitives created: 1
23:09:18 | INFO: Extracting primitive: Cylinder.070
23:09:18 | INFO: Primitives created: 1
23:09:18 | INFO: Extracting primitive: Cylinder.071
23:09:18 | INFO: Primitives created: 1
23:09:18 | INFO: Extracting primitive: Cylinder.072
23:09:18 | INFO: Primitives created: 1
23:09:18 | INFO: Extracting primitive: Cylinder.073
23:09:18 | INFO: Primitives created: 1
23:09:18 | INFO: Extracting primitive: Cylinder.074
23:09:18 | INFO: Primitives created: 1
23:09:18 | INFO: Extracting primitive: Cylinder.077
23:09:18 | INFO: Primitives created: 1
23:09:18 | INFO: Extracting primitive: Cylinder.078
23:09:18 | INFO: Primitives created: 1
23:09:18 | INFO: Extracting primitive: Cylinder.079
23:09:18 | INFO: Primitives created: 1
23:09:18 | INFO: Extracting primitive: Cylinder.080
23:09:18 | INFO: Primitives created: 1
23:09:18 | INFO: Extracting primitive: Cylinder.081
23:09:18 | INFO: Primitives created: 1
23:09:18 | INFO: Extracting primitive: Cylinder.082
23:09:18 | INFO: Primitives created: 1
23:09:18 | INFO: Extracting primitive: Cylinder.083
23:09:18 | INFO: Primitives created: 1
23:09:18 | INFO: Extracting primitive: Cylinder.084
23:09:18 | INFO: Primitives created: 1
23:09:18 | INFO: Extracting primitive: Cylinder.085
23:09:18 | INFO: Primitives created: 1
23:09:18 | INFO: Extracting primitive: Cylinder.064
23:09:18 | INFO: Primitives created: 1
23:09:18 | INFO: Extracting primitive: Cylinder.066
23:09:18 | INFO: Primitives created: 1
23:09:18 | INFO: Extracting primitive: Cylinder.076
23:09:18 | INFO: Primitives created: 1
23:09:18 | INFO: Extracting primitive: Cube.119
23:09:18 | INFO: Primitives created: 1
23:09:18 | INFO: Extracting primitive: xc330
23:09:18 | INFO: Primitives created: 1
23:09:18 | INFO: Extracting primitive: Cube.144
23:09:18 | INFO: Primitives created: 1
23:09:18 | INFO: Extracting primitive: Cube.145
23:09:18 | INFO: Primitives created: 1
23:09:18 | INFO: Extracting primitive: Cube.146
23:09:18 | INFO: Primitives created: 1
23:09:18 | INFO: Extracting primitive: Cube.147
23:09:18 | INFO: Primitives created: 1
23:09:18 | INFO: Extracting primitive: xc330.001
23:09:18 | INFO: Primitives created: 1
23:09:18 | INFO: Extracting primitive: Cube.148
23:09:18 | INFO: Primitives created: 1
23:09:18 | INFO: Extracting primitive: D435 source triangles
23:09:18 | INFO: Primitives created: 1
23:09:18 | INFO: Extracting primitive: D435 source triangles.001
23:09:18 | INFO: Primitives created: 1
23:09:18 | INFO: Extracting primitive: D435 source triangles.002
23:09:18 | INFO: Primitives created: 1
23:09:18 | INFO: Extracting primitive: D435 source triangles.003
23:09:18 | INFO: Primitives created: 1
23:09:18 | INFO: Extracting primitive: D435 source triangles.004
23:09:18 | INFO: Primitives created: 1
23:09:18 | INFO: Extracting primitive: D435 source triangles.005
23:09:18 | INFO: Primitives created: 1
23:09:18 | INFO: Extracting primitive: D435 source triangles.006
23:09:18 | INFO: Primitives created: 1
23:09:18 | INFO: Extracting primitive: D435 source triangles.007
23:09:18 | INFO: Primitives created: 1
23:09:18 | INFO: Extracting primitive: D435 source triangles.008
23:09:18 | INFO: Primitives created: 1
23:09:18 | INFO: Extracting primitive: D435 source triangles.009
23:09:18 | INFO: Primitives created: 1
23:09:18 | INFO: Extracting primitive: D435 source triangles.010
23:09:18 | INFO: Primitives created: 1
23:09:18 | INFO: Extracting primitive: D435 source triangles.011
23:09:18 | INFO: Primitives created: 1
23:09:19 | INFO: Extracting primitive: D435 source triangles.012
23:09:19 | INFO: Primitives created: 1
23:09:19 | INFO: Extracting primitive: D435 source triangles.013
23:09:19 | INFO: Primitives created: 1
23:09:19 | INFO: Extracting primitive: D435 source triangles.014
23:09:19 | INFO: Primitives created: 1
23:09:19 | INFO: Extracting primitive: D435 source triangles.015
23:09:19 | INFO: Primitives created: 1
23:09:19 | INFO: Extracting primitive: D435 source triangles.016
23:09:19 | INFO: Primitives created: 1
23:09:19 | INFO: Extracting primitive: D435 source triangles.017
23:09:19 | INFO: Primitives created: 1
23:09:19 | INFO: Extracting primitive: mid360
23:09:19 | INFO: Primitives created: 2
23:09:19 | INFO: Extracting primitive: Cube.149
23:09:19 | INFO: Primitives created: 1
23:09:19 | INFO: Extracting primitive: Cube.150
23:09:19 | INFO: Primitives created: 1
23:09:19 | INFO: Extracting primitive: Printed wedge cheek
23:09:19 | INFO: Primitives created: 1
23:09:19 | INFO: Extracting primitive: Printed wedge cheek.001
23:09:19 | INFO: Primitives created: 1
23:09:19 | INFO: Extracting primitive: Cylinder.093
23:09:19 | INFO: Primitives created: 1
23:09:19 | INFO: Extracting primitive: Cube.172
23:09:19 | INFO: Primitives created: 1
23:09:19 | INFO: Extracting primitive: Cylinder.094
23:09:19 | INFO: Primitives created: 1
23:09:19 | INFO: Extracting primitive: Cube.097
23:09:19 | INFO: Primitives created: 1
23:09:19 | INFO: Extracting primitive: Main vertical loom
23:09:19 | INFO: Primitives created: 1
23:09:19 | INFO: Extracting primitive: Cylinder.031
23:09:19 | INFO: Primitives created: 1
23:09:19 | INFO: Extracting primitive: Cube.107
23:09:19 | INFO: Primitives created: 1
23:09:19 | INFO: Extracting primitive: Cylinder.032
23:09:19 | INFO: Primitives created: 1
23:09:19 | INFO: Extracting primitive: Cylinder.033
23:09:19 | INFO: Primitives created: 1
23:09:19 | INFO: Extracting primitive: Cylinder.034
23:09:19 | INFO: Primitives created: 1
23:09:19 | INFO: Extracting primitive: Cylinder.035
23:09:19 | INFO: Primitives created: 1
23:09:19 | INFO: Extracting primitive: Cube.106
23:09:19 | INFO: Primitives created: 1
23:09:19 | INFO: Extracting primitive: Cylinder.030
23:09:19 | INFO: Primitives created: 1
23:09:19 | INFO: Extracting primitive: BLMR5100K
23:09:19 | INFO: Primitives created: 1
23:09:19 | INFO: Extracting primitive: Cylinder.059
23:09:19 | INFO: Primitives created: 1
23:09:19 | INFO: Extracting primitive: Cube.115
23:09:19 | INFO: Primitives created: 1
23:09:19 | INFO: Extracting primitive: Cylinder.060
23:09:19 | INFO: Primitives created: 1
23:09:19 | INFO: Extracting primitive: Cylinder.061
23:09:19 | INFO: Primitives created: 1
23:09:19 | INFO: Extracting primitive: Cylinder.062
23:09:19 | INFO: Primitives created: 1
23:09:19 | INFO: Extracting primitive: Cylinder.063
23:09:19 | INFO: Primitives created: 1
23:09:19 | INFO: Extracting primitive: Cube.114
23:09:19 | INFO: Primitives created: 1
23:09:19 | INFO: Extracting primitive: Cylinder.058
23:09:19 | INFO: Primitives created: 1
23:09:19 | INFO: Extracting primitive: BLMR5100K.001
23:09:19 | INFO: Primitives created: 1
23:09:19 | INFO: Extracting primitive: Cylinder.087
23:09:19 | INFO: Primitives created: 1
23:09:19 | INFO: Extracting primitive: Cube.123
23:09:19 | INFO: Primitives created: 1
23:09:19 | INFO: Extracting primitive: Cylinder.088
23:09:19 | INFO: Primitives created: 1
23:09:19 | INFO: Extracting primitive: Cylinder.089
23:09:19 | INFO: Primitives created: 1
23:09:19 | INFO: Extracting primitive: Cylinder.090
23:09:19 | INFO: Primitives created: 1
23:09:19 | INFO: Extracting primitive: Cylinder.091
23:09:19 | INFO: Primitives created: 1
23:09:19 | INFO: Extracting primitive: Cube.122
23:09:19 | INFO: Primitives created: 1
23:09:19 | INFO: Extracting primitive: Cylinder.086
23:09:19 | INFO: Primitives created: 1
23:09:19 | INFO: Extracting primitive: BLMR5100K.002
23:09:19 | INFO: Primitives created: 1
23:09:19 | INFO: Extracting primitive: xh540
23:09:19 | INFO: Primitives created: 1
23:09:19 | INFO: Extracting primitive: Cube.109
23:09:19 | INFO: Primitives created: 1
23:09:19 | INFO: Extracting primitive: Cube.110
23:09:19 | INFO: Primitives created: 1
23:09:19 | INFO: Extracting primitive: Cube.108
23:09:19 | INFO: Primitives created: 1
23:09:19 | INFO: Extracting primitive: xh540.001
23:09:19 | INFO: Primitives created: 1
23:09:19 | INFO: Extracting primitive: Cube.117
23:09:19 | INFO: Primitives created: 1
23:09:19 | INFO: Extracting primitive: Cube.118
23:09:19 | INFO: Primitives created: 1
23:09:19 | INFO: Extracting primitive: Cube.116
23:09:19 | INFO: Primitives created: 1
23:09:19 | INFO: Extracting primitive: xh540.002
23:09:19 | INFO: Primitives created: 1
23:09:19 | INFO: Extracting primitive: Cube.125
23:09:19 | INFO: Primitives created: 1
23:09:19 | INFO: Extracting primitive: Cube.126
23:09:19 | INFO: Primitives created: 1
23:09:19 | INFO: Extracting primitive: Cube.124
23:09:19 | INFO: Primitives created: 1
23:09:19 | INFO: Finished glTF 2.0 export in 1.389678955078125 s

23:09:19 | INFO: Starting glTF 2.0 export
23:09:19 | INFO: Extracting primitive: Cube.081
23:09:19 | INFO: Primitives created: 1
23:09:19 | INFO: Extracting primitive: Cube.082
23:09:19 | INFO: Primitives created: 1
23:09:19 | INFO: Extracting primitive: Cube.083
23:09:19 | INFO: Primitives created: 1
23:09:19 | INFO: Extracting primitive: Cube.084
23:09:19 | INFO: Primitives created: 1
23:09:19 | INFO: Extracting primitive: Cube.085
23:09:19 | INFO: Primitives created: 1
23:09:19 | INFO: Extracting primitive: Cube.086
23:09:19 | INFO: Primitives created: 1
23:09:19 | INFO: Extracting primitive: Cube.087
23:09:19 | INFO: Primitives created: 1
23:09:19 | INFO: Extracting primitive: Cube.088
23:09:19 | INFO: Primitives created: 1
23:09:19 | INFO: Extracting primitive: Cube.089
23:09:19 | INFO: Primitives created: 1
23:09:19 | INFO: Extracting primitive: Cube.090
23:09:19 | INFO: Primitives created: 1
23:09:19 | INFO: Extracting primitive: Cube.091
23:09:19 | INFO: Primitives created: 1
23:09:19 | INFO: Extracting primitive: Cube.092
23:09:19 | INFO: Primitives created: 1
23:09:19 | INFO: Extracting primitive: Cube.093
23:09:19 | INFO: Primitives created: 1
23:09:19 | INFO: Extracting primitive: Cube.094
23:09:19 | INFO: Primitives created: 1
23:09:19 | INFO: Extracting primitive: Cube.095
23:09:19 | INFO: Primitives created: 1
23:09:19 | INFO: Extracting primitive: Cube.011
23:09:19 | INFO: Primitives created: 1
23:09:19 | INFO: Extracting primitive: Cube.012
23:09:19 | INFO: Primitives created: 1
23:09:19 | INFO: Extracting primitive: Cube.013
23:09:19 | INFO: Primitives created: 1
23:09:19 | INFO: Extracting primitive: Cube.014
23:09:19 | INFO: Primitives created: 1
23:09:19 | INFO: Extracting primitive: Cube.015
23:09:19 | INFO: Primitives created: 1
23:09:19 | INFO: Extracting primitive: Cube.016
23:09:19 | INFO: Primitives created: 1
23:09:19 | INFO: Extracting primitive: Cube.017
23:09:19 | INFO: Primitives created: 1
23:09:19 | INFO: Extracting primitive: Cube.018
23:09:19 | INFO: Primitives created: 1
23:09:19 | INFO: Extracting primitive: Cube.019
23:09:19 | INFO: Primitives created: 1
23:09:19 | INFO: Extracting primitive: Cube.020
23:09:19 | INFO: Primitives created: 1
23:09:19 | INFO: Extracting primitive: Cube.031
23:09:19 | INFO: Primitives created: 1
23:09:19 | INFO: Extracting primitive: Cube.032
23:09:19 | INFO: Primitives created: 1
23:09:19 | INFO: Extracting primitive: Cube.033
23:09:19 | INFO: Primitives created: 1
23:09:19 | INFO: Extracting primitive: Cube.034
23:09:19 | INFO: Primitives created: 1
23:09:19 | INFO: Extracting primitive: Cube.035
23:09:19 | INFO: Primitives created: 1
23:09:19 | INFO: Extracting primitive: Cube.036
23:09:19 | INFO: Primitives created: 1
23:09:19 | INFO: Extracting primitive: Cube.037
23:09:19 | INFO: Primitives created: 1
23:09:19 | INFO: Extracting primitive: Cube.038
23:09:19 | INFO: Primitives created: 1
23:09:19 | INFO: Extracting primitive: Cube.039
23:09:19 | INFO: Primitives created: 1
23:09:19 | INFO: Extracting primitive: Cube.040
23:09:19 | INFO: Primitives created: 1
23:09:19 | INFO: Extracting primitive: Cube.051
23:09:19 | INFO: Primitives created: 1
23:09:19 | INFO: Extracting primitive: Cube.052
23:09:19 | INFO: Primitives created: 1
23:09:19 | INFO: Extracting primitive: Cube.053
23:09:19 | INFO: Primitives created: 1
23:09:19 | INFO: Extracting primitive: Cube.054
23:09:19 | INFO: Primitives created: 1
23:09:19 | INFO: Extracting primitive: Cube.055
23:09:19 | INFO: Primitives created: 1
23:09:19 | INFO: Extracting primitive: Cube.056
23:09:19 | INFO: Primitives created: 1
23:09:19 | INFO: Extracting primitive: Cube.057
23:09:19 | INFO: Primitives created: 1
23:09:19 | INFO: Extracting primitive: Cube.058
23:09:19 | INFO: Primitives created: 1
23:09:19 | INFO: Extracting primitive: Cube.059
23:09:19 | INFO: Primitives created: 1
23:09:19 | INFO: Extracting primitive: Cube.060
23:09:19 | INFO: Primitives created: 1
23:09:19 | INFO: Extracting primitive: Cube.001
23:09:19 | INFO: Primitives created: 1
23:09:19 | INFO: Extracting primitive: Cube.002
23:09:19 | INFO: Primitives created: 1
23:09:19 | INFO: Extracting primitive: Cube.003
23:09:19 | INFO: Primitives created: 1
23:09:19 | INFO: Extracting primitive: Cube.004
23:09:19 | INFO: Primitives created: 1
23:09:19 | INFO: Extracting primitive: Cube.005
23:09:19 | INFO: Primitives created: 1
23:09:19 | INFO: Extracting primitive: Cube.006
23:09:19 | INFO: Primitives created: 1
23:09:19 | INFO: Extracting primitive: Cube.007
23:09:19 | INFO: Primitives created: 1
23:09:19 | INFO: Extracting primitive: Cube.008
23:09:19 | INFO: Primitives created: 1
23:09:19 | INFO: Extracting primitive: Cube.009
23:09:19 | INFO: Primitives created: 1
23:09:19 | INFO: Extracting primitive: Cube.010
23:09:19 | INFO: Primitives created: 1
23:09:19 | INFO: Extracting primitive: Cube.021
23:09:19 | INFO: Primitives created: 1
23:09:19 | INFO: Extracting primitive: Cube.022
23:09:19 | INFO: Primitives created: 1
23:09:19 | INFO: Extracting primitive: Cube.023
23:09:19 | INFO: Primitives created: 1
23:09:19 | INFO: Extracting primitive: Cube.024
23:09:19 | INFO: Primitives created: 1
23:09:19 | INFO: Extracting primitive: Cube.025
23:09:19 | INFO: Primitives created: 1
23:09:19 | INFO: Extracting primitive: Cube.026
23:09:19 | INFO: Primitives created: 1
23:09:19 | INFO: Extracting primitive: Cube.027
23:09:19 | INFO: Primitives created: 1
23:09:19 | INFO: Extracting primitive: Cube.028
23:09:19 | INFO: Primitives created: 1
23:09:19 | INFO: Extracting primitive: Cube.029
23:09:19 | INFO: Primitives created: 1
23:09:19 | INFO: Extracting primitive: Cube.030
23:09:19 | INFO: Primitives created: 1
23:09:19 | INFO: Extracting primitive: Cube.041
23:09:19 | INFO: Primitives created: 1
23:09:19 | INFO: Extracting primitive: Cube.042
23:09:19 | INFO: Primitives created: 1
23:09:19 | INFO: Extracting primitive: Cube.043
23:09:19 | INFO: Primitives created: 1
23:09:19 | INFO: Extracting primitive: Cube.044
23:09:19 | INFO: Primitives created: 1
23:09:19 | INFO: Extracting primitive: Cube.045
23:09:19 | INFO: Primitives created: 1
23:09:19 | INFO: Extracting primitive: Cube.046
23:09:19 | INFO: Primitives created: 1
23:09:19 | INFO: Extracting primitive: Cube.047
23:09:19 | INFO: Primitives created: 1
23:09:19 | INFO: Extracting primitive: Cube.048
23:09:19 | INFO: Primitives created: 1
23:09:19 | INFO: Extracting primitive: Cube.049
23:09:19 | INFO: Primitives created: 1
23:09:19 | INFO: Extracting primitive: Cube.050
23:09:19 | INFO: Primitives created: 1
23:09:19 | INFO: Extracting primitive: Cube.061
23:09:19 | INFO: Primitives created: 1
23:09:19 | INFO: Extracting primitive: Cube.062
23:09:19 | INFO: Primitives created: 1
23:09:19 | INFO: Extracting primitive: Cube.063
23:09:19 | INFO: Primitives created: 1
23:09:19 | INFO: Extracting primitive: Cube.064
23:09:19 | INFO: Primitives created: 1
23:09:19 | INFO: Extracting primitive: Cube.065
23:09:19 | INFO: Primitives created: 1
23:09:19 | INFO: Extracting primitive: Cube.066
23:09:19 | INFO: Primitives created: 1
23:09:19 | INFO: Extracting primitive: Cube.067
23:09:19 | INFO: Primitives created: 1
23:09:19 | INFO: Extracting primitive: Cube.068
23:09:19 | INFO: Primitives created: 1
23:09:19 | INFO: Extracting primitive: Cube.069
23:09:19 | INFO: Primitives created: 1
23:09:19 | INFO: Extracting primitive: Cube.070
23:09:19 | INFO: Primitives created: 1
23:09:19 | INFO: Extracting primitive: Cube.071
23:09:19 | INFO: Primitives created: 1
23:09:19 | INFO: Extracting primitive: Cube.072
23:09:19 | INFO: Primitives created: 1
23:09:19 | INFO: Extracting primitive: Cube.073
23:09:19 | INFO: Primitives created: 1
23:09:19 | INFO: Extracting primitive: Cube.074
23:09:19 | INFO: Primitives created: 1
23:09:19 | INFO: Extracting primitive: Cube.075
23:09:19 | INFO: Primitives created: 1
23:09:19 | INFO: Extracting primitive: Cube.076
23:09:19 | INFO: Primitives created: 1
23:09:19 | INFO: Extracting primitive: Cube.077
23:09:19 | INFO: Primitives created: 1
23:09:19 | INFO: Extracting primitive: Cube.078
23:09:19 | INFO: Primitives created: 1
23:09:19 | INFO: Extracting primitive: Cube.079
23:09:19 | INFO: Primitives created: 1
23:09:19 | INFO: Extracting primitive: Cube.080
23:09:19 | INFO: Primitives created: 1
23:09:19 | INFO: Extracting primitive: Cube.098
23:09:19 | INFO: Primitives created: 1
23:09:19 | INFO: Extracting primitive: Cube.099
23:09:19 | INFO: Primitives created: 1
23:09:19 | INFO: Extracting primitive: Cube.100
23:09:19 | INFO: Primitives created: 1
23:09:19 | INFO: Extracting primitive: Cube.101
23:09:19 | INFO: Primitives created: 1
23:09:19 | INFO: Extracting primitive: Cube.102
23:09:19 | INFO: Primitives created: 1
23:09:19 | INFO: Extracting primitive: Cube.096
23:09:19 | INFO: Primitives created: 1
23:09:19 | INFO: Extracting primitive: Cylinder
23:09:19 | INFO: Primitives created: 1
23:09:19 | INFO: Extracting primitive: Cylinder.001
23:09:19 | INFO: Primitives created: 1
23:09:19 | INFO: Extracting primitive: Cylinder.002
23:09:19 | INFO: Primitives created: 1
23:09:19 | INFO: Extracting primitive: Cylinder.003
23:09:19 | INFO: Primitives created: 1
23:09:19 | INFO: Extracting primitive: Cylinder.004
23:09:19 | INFO: Primitives created: 1
23:09:19 | INFO: Extracting primitive: Cylinder.005
23:09:19 | INFO: Primitives created: 1
23:09:19 | INFO: Extracting primitive: Cylinder.006
23:09:19 | INFO: Primitives created: 1
23:09:19 | INFO: Extracting primitive: Cylinder.007
23:09:19 | INFO: Primitives created: 1
23:09:19 | INFO: Extracting primitive: Cube.198
23:09:19 | INFO: Primitives created: 1
23:09:19 | INFO: Extracting primitive: Cube.199
23:09:19 | INFO: Primitives created: 1
23:09:19 | INFO: Extracting primitive: Cube.197
23:09:19 | INFO: Primitives created: 1
23:09:19 | INFO: Extracting primitive: Cube.196
23:09:19 | INFO: Primitives created: 1
23:09:19 | INFO: Extracting primitive: Cube.194
23:09:19 | INFO: Primitives created: 1
23:09:19 | INFO: Extracting primitive: Cube.195
23:09:19 | INFO: Primitives created: 1
23:09:19 | INFO: Extracting primitive: Cube.193
23:09:19 | INFO: Primitives created: 1
23:09:19 | INFO: Extracting primitive: Cube.192
23:09:19 | INFO: Primitives created: 1
23:09:19 | INFO: Extracting primitive: AZ  IT12B-FP
23:09:19 | INFO: Primitives created: 1
23:09:19 | INFO: Extracting primitive: Cube.206
23:09:19 | INFO: Primitives created: 1
23:09:19 | INFO: Extracting primitive: Cube.207
23:09:19 | INFO: Primitives created: 1
23:09:19 | INFO: Extracting primitive: Cube.205
23:09:19 | INFO: Primitives created: 1
23:09:19 | INFO: Extracting primitive: Cube.204
23:09:19 | INFO: Primitives created: 1
23:09:19 | INFO: Extracting primitive: Cube.202
23:09:19 | INFO: Primitives created: 1
23:09:19 | INFO: Extracting primitive: Cube.203
23:09:19 | INFO: Primitives created: 1
23:09:19 | INFO: Extracting primitive: Cube.201
23:09:19 | INFO: Primitives created: 1
23:09:19 | INFO: Extracting primitive: Cube.200
23:09:19 | INFO: Primitives created: 1
23:09:19 | INFO: Extracting primitive: AZ  IT12B-FP.001
23:09:19 | INFO: Primitives created: 1
23:09:19 | INFO: Extracting primitive: Cube.214
23:09:19 | INFO: Primitives created: 1
23:09:19 | INFO: Extracting primitive: Cube.215
23:09:19 | INFO: Primitives created: 1
23:09:19 | INFO: Extracting primitive: Cube.213
23:09:19 | INFO: Primitives created: 1
23:09:19 | INFO: Extracting primitive: Cube.212
23:09:19 | INFO: Primitives created: 1
23:09:19 | INFO: Extracting primitive: Cube.210
23:09:19 | INFO: Primitives created: 1
23:09:19 | INFO: Extracting primitive: Cube.211
23:09:19 | INFO: Primitives created: 1
23:09:19 | INFO: Extracting primitive: Cube.209
23:09:19 | INFO: Primitives created: 1
23:09:19 | INFO: Extracting primitive: Cube.208
23:09:19 | INFO: Primitives created: 1
23:09:19 | INFO: Extracting primitive: AZ  IT12B-FP.002
23:09:19 | INFO: Primitives created: 1
23:09:19 | INFO: Extracting primitive: Cube.222
23:09:19 | INFO: Primitives created: 1
23:09:19 | INFO: Extracting primitive: Cube.223
23:09:19 | INFO: Primitives created: 1
23:09:19 | INFO: Extracting primitive: Cube.221
23:09:19 | INFO: Primitives created: 1
23:09:19 | INFO: Extracting primitive: Cube.220
23:09:19 | INFO: Primitives created: 1
23:09:19 | INFO: Extracting primitive: Cube.218
23:09:19 | INFO: Primitives created: 1
23:09:19 | INFO: Extracting primitive: Cube.219
23:09:19 | INFO: Primitives created: 1
23:09:19 | INFO: Extracting primitive: Cube.217
23:09:19 | INFO: Primitives created: 1
23:09:19 | INFO: Extracting primitive: Cube.216
23:09:19 | INFO: Primitives created: 1
23:09:19 | INFO: Extracting primitive: AZ  IT12B-FP.003
23:09:19 | INFO: Primitives created: 1
23:09:19 | INFO: Extracting primitive: Cube.156
23:09:19 | INFO: Primitives created: 1
23:09:19 | INFO: Extracting primitive: Cube.159
23:09:19 | INFO: Primitives created: 1
23:09:19 | INFO: Extracting primitive: Cube.162
23:09:19 | INFO: Primitives created: 1
23:09:19 | INFO: Extracting primitive: Cube.157
23:09:19 | INFO: Primitives created: 1
23:09:19 | INFO: Extracting primitive: Cube.160
23:09:19 | INFO: Primitives created: 1
23:09:19 | INFO: Extracting primitive: Cube.163
23:09:19 | INFO: Primitives created: 1
23:09:19 | INFO: Extracting primitive: Cube.155
23:09:19 | INFO: Primitives created: 1
23:09:19 | INFO: Extracting primitive: Cube.158
23:09:19 | INFO: Primitives created: 1
23:09:19 | INFO: Extracting primitive: Cube.161
23:09:19 | INFO: Primitives created: 1
23:09:19 | INFO: Extracting primitive: BLVD-KRD
23:09:19 | INFO: Primitives created: 1
23:09:19 | INFO: Extracting primitive: BLVD-KRD.001
23:09:19 | INFO: Primitives created: 1
23:09:19 | INFO: Extracting primitive: BLVD-KRD.002
23:09:19 | INFO: Primitives created: 1
23:09:19 | INFO: Extracting primitive: NUC
23:09:19 | INFO: Primitives created: 1
23:09:19 | INFO: Extracting primitive: Cube.164
23:09:19 | INFO: Primitives created: 1
23:09:19 | INFO: Extracting primitive: Cube.165
23:09:19 | INFO: Primitives created: 1
23:09:19 | INFO: Extracting primitive: Cube.166
23:09:19 | INFO: Primitives created: 1
23:09:19 | INFO: Extracting primitive: Cube.167
23:09:19 | INFO: Primitives created: 1
23:09:19 | INFO: Extracting primitive: Cube.168
23:09:19 | INFO: Primitives created: 1
23:09:19 | INFO: Extracting primitive: Cube.169
23:09:19 | INFO: Primitives created: 1
23:09:19 | INFO: Extracting primitive: Cube.170
23:09:19 | INFO: Primitives created: 1
23:09:19 | INFO: Extracting primitive: Cube.171
23:09:19 | INFO: Primitives created: 1
23:09:19 | INFO: Extracting primitive: Cube.178
23:09:19 | INFO: Primitives created: 1
23:09:19 | INFO: Extracting primitive: Cube.181
23:09:19 | INFO: Primitives created: 1
23:09:19 | INFO: Extracting primitive: Cube.180
23:09:19 | INFO: Primitives created: 1
23:09:19 | INFO: Extracting primitive: UNO
23:09:20 | INFO: Primitives created: 1
23:09:20 | INFO: Extracting primitive: Cylinder.095
23:09:20 | INFO: Primitives created: 1
23:09:20 | INFO: Extracting primitive: Cylinder.096
23:09:20 | INFO: Primitives created: 1
23:09:20 | INFO: Extracting primitive: Cylinder.097
23:09:20 | INFO: Primitives created: 1
23:09:20 | INFO: Extracting primitive: Cylinder.098
23:09:20 | INFO: Primitives created: 1
23:09:20 | INFO: Extracting primitive: Cube.182
23:09:20 | INFO: Primitives created: 1
23:09:20 | INFO: Extracting primitive: Cube.183
23:09:20 | INFO: Primitives created: 1
23:09:20 | INFO: Extracting primitive: Cube.179
23:09:20 | INFO: Primitives created: 1
23:09:20 | INFO: Extracting primitive: Cube.185
23:09:20 | INFO: Primitives created: 1
23:09:20 | INFO: Extracting primitive: 5V > 24V
23:09:20 | INFO: Primitives created: 1
23:09:20 | INFO: Extracting primitive: Cube.184
23:09:20 | INFO: Primitives created: 1
23:09:20 | INFO: Extracting primitive: Cylinder.099
23:09:20 | INFO: Primitives created: 1
23:09:20 | INFO: Extracting primitive: Cylinder.100
23:09:20 | INFO: Primitives created: 1
23:09:20 | INFO: Extracting primitive: Cylinder.101
23:09:20 | INFO: Primitives created: 1
23:09:20 | INFO: Extracting primitive: Cylinder.102
23:09:20 | INFO: Primitives created: 1
23:09:20 | INFO: Extracting primitive: Cube.186
23:09:20 | INFO: Primitives created: 1
23:09:20 | INFO: Extracting primitive: Cube.187
23:09:20 | INFO: Primitives created: 1
23:09:20 | INFO: Extracting primitive: Cube.189
23:09:20 | INFO: Primitives created: 1
23:09:20 | INFO: Extracting primitive: RS485
23:09:20 | INFO: Primitives created: 1
23:09:20 | INFO: Extracting primitive: Cylinder.103
23:09:20 | INFO: Primitives created: 1
23:09:20 | INFO: Extracting primitive: Cylinder.104
23:09:20 | INFO: Primitives created: 1
23:09:20 | INFO: Extracting primitive: Cylinder.105
23:09:20 | INFO: Primitives created: 1
23:09:20 | INFO: Extracting primitive: Cylinder.106
23:09:20 | INFO: Primitives created: 1
23:09:20 | INFO: Extracting primitive: Cube.188
23:09:20 | INFO: Primitives created: 1
23:09:20 | INFO: Extracting primitive: Cube.190
23:09:20 | INFO: Primitives created: 1
23:09:20 | INFO: Extracting primitive: Cube.191
23:09:20 | INFO: Primitives created: 1
23:09:20 | INFO: Extracting primitive: Cube.173
23:09:20 | INFO: Primitives created: 1
23:09:20 | INFO: Extracting primitive: Cube.176
23:09:20 | INFO: Primitives created: 1
23:09:20 | INFO: Extracting primitive: Cube.177
23:09:20 | INFO: Primitives created: 1
23:09:20 | INFO: Extracting primitive: Cube.174
23:09:20 | INFO: Primitives created: 1
23:09:20 | INFO: Extracting primitive: Cube.175
23:09:20 | INFO: Primitives created: 1
23:09:20 | INFO: Extracting primitive: Cube.153
23:09:20 | INFO: Primitives created: 1
23:09:20 | INFO: Extracting primitive: Cube.154
23:09:20 | INFO: Primitives created: 1
23:09:20 | INFO: Extracting primitive: Cube.151
23:09:20 | INFO: Primitives created: 1
23:09:20 | INFO: Extracting primitive: Cube.152
23:09:20 | INFO: Primitives created: 1
23:09:20 | INFO: Extracting primitive: AZD-KD
23:09:20 | INFO: Primitives created: 1
23:09:20 | INFO: Extracting primitive: Cube.132
23:09:20 | INFO: Primitives created: 1
23:09:20 | INFO: Extracting primitive: Cube.133
23:09:20 | INFO: Primitives created: 1
23:09:20 | INFO: Extracting primitive: Cube.131
23:09:20 | INFO: Primitives created: 1
23:09:20 | INFO: Extracting primitive: Cube.127
23:09:20 | INFO: Primitives created: 1
23:09:20 | INFO: Extracting primitive: Cube.134
23:09:20 | INFO: Primitives created: 1
23:09:20 | INFO: Extracting primitive: Cube.128
23:09:20 | INFO: Primitives created: 1
23:09:20 | INFO: Extracting primitive: Cube.139
23:09:20 | INFO: Primitives created: 1
23:09:20 | INFO: Extracting primitive: EASM2XF020AZAK
23:09:20 | INFO: Primitives created: 1
23:09:20 | INFO: Extracting primitive: Cube.129
23:09:20 | INFO: Primitives created: 1
23:09:20 | INFO: Extracting primitive: Cube.130
23:09:20 | INFO: Primitives created: 1
23:09:20 | INFO: Extracting primitive: Cube.135
23:09:20 | INFO: Primitives created: 1
23:09:20 | INFO: Extracting primitive: Cube.137
23:09:20 | INFO: Primitives created: 1
23:09:20 | INFO: Extracting primitive: Cube.136
23:09:20 | INFO: Primitives created: 1
23:09:20 | INFO: Extracting primitive: Cube.138
23:09:20 | INFO: Primitives created: 1
23:09:20 | INFO: Extracting primitive: Cube.140
23:09:20 | INFO: Primitives created: 1
23:09:20 | INFO: Extracting primitive: Estimated wrist camera support
23:09:20 | INFO: Primitives created: 1
23:09:20 | INFO: Extracting primitive: Cube.143
23:09:20 | INFO: Primitives created: 1
23:09:20 | INFO: Extracting primitive: Cylinder.092
23:09:20 | INFO: Primitives created: 1
23:09:20 | INFO: Extracting primitive: moving_jaw_so101_v1
23:09:20 | INFO: Primitives created: 1
23:09:20 | INFO: Extracting primitive: sts3215_03a_v1.004
23:09:20 | INFO: Primitives created: 1
23:09:20 | INFO: Extracting primitive: wrist_roll_follower_so101_v1
23:09:20 | INFO: Primitives created: 1
23:09:20 | INFO: Extracting primitive: sts3215_03a_no_horn_v1
23:09:20 | INFO: Primitives created: 1
23:09:20 | INFO: Extracting primitive: wrist_roll_pitch_so101_v2
23:09:20 | INFO: Primitives created: 1
23:09:20 | INFO: Extracting primitive: under_arm_so101_v1
23:09:20 | INFO: Primitives created: 1
23:09:20 | INFO: Extracting primitive: motor_holder_so101_wrist_v1
23:09:20 | INFO: Primitives created: 1
23:09:20 | INFO: Extracting primitive: sts3215_03a_v1.003
23:09:20 | INFO: Primitives created: 1
23:09:20 | INFO: Extracting primitive: sts3215_03a_v1.002
23:09:20 | INFO: Primitives created: 1
23:09:20 | INFO: Extracting primitive: upper_arm_so101_v1
23:09:20 | INFO: Primitives created: 1
23:09:20 | INFO: Extracting primitive: sts3215_03a_v1.001
23:09:20 | INFO: Primitives created: 1
23:09:20 | INFO: Extracting primitive: motor_holder_so101_base_v1
23:09:20 | INFO: Primitives created: 1
23:09:20 | INFO: Extracting primitive: rotation_pitch_so101_v1
23:09:20 | INFO: Primitives created: 1
23:09:20 | INFO: Extracting primitive: base_motor_holder_so101_v1
23:09:20 | INFO: Primitives created: 1
23:09:20 | INFO: Extracting primitive: base_so101_v2
23:09:20 | INFO: Primitives created: 1
23:09:20 | INFO: Extracting primitive: sts3215_03a_v1
23:09:20 | INFO: Primitives created: 1
23:09:20 | INFO: Extracting primitive: waveshare_mounting_plate_so101_v2
23:09:20 | INFO: Primitives created: 1
23:09:20 | INFO: Extracting primitive: Cube.142
23:09:20 | INFO: Primitives created: 1
23:09:20 | INFO: Extracting primitive: Cube.141
23:09:20 | INFO: Primitives created: 1
23:09:20 | INFO: Extracting primitive: Cylinder.009
23:09:20 | INFO: Primitives created: 1
23:09:20 | INFO: Extracting primitive: Cylinder.019
23:09:20 | INFO: Primitives created: 1
23:09:20 | INFO: Extracting primitive: Cube.104
23:09:20 | INFO: Primitives created: 1
23:09:20 | INFO: Extracting primitive: Cube.105
23:09:20 | INFO: Primitives created: 1
23:09:20 | INFO: Extracting primitive: Cylinder.011
23:09:20 | INFO: Primitives created: 1
23:09:20 | INFO: Extracting primitive: Cylinder.012
23:09:20 | INFO: Primitives created: 1
23:09:20 | INFO: Extracting primitive: Cylinder.013
23:09:20 | INFO: Primitives created: 1
23:09:20 | INFO: Extracting primitive: Cylinder.014
23:09:20 | INFO: Primitives created: 1
23:09:20 | INFO: Extracting primitive: Cylinder.015
23:09:20 | INFO: Primitives created: 1
23:09:20 | INFO: Extracting primitive: Cylinder.016
23:09:20 | INFO: Primitives created: 1
23:09:20 | INFO: Extracting primitive: Cylinder.017
23:09:20 | INFO: Primitives created: 1
23:09:20 | INFO: Extracting primitive: Cylinder.018
23:09:20 | INFO: Primitives created: 1
23:09:20 | INFO: Extracting primitive: Cylinder.021
23:09:20 | INFO: Primitives created: 1
23:09:20 | INFO: Extracting primitive: Cylinder.022
23:09:20 | INFO: Primitives created: 1
23:09:20 | INFO: Extracting primitive: Cylinder.023
23:09:20 | INFO: Primitives created: 1
23:09:20 | INFO: Extracting primitive: Cylinder.024
23:09:20 | INFO: Primitives created: 1
23:09:20 | INFO: Extracting primitive: Cylinder.025
23:09:20 | INFO: Primitives created: 1
23:09:20 | INFO: Extracting primitive: Cylinder.026
23:09:20 | INFO: Primitives created: 1
23:09:20 | INFO: Extracting primitive: Cylinder.027
23:09:20 | INFO: Primitives created: 1
23:09:20 | INFO: Extracting primitive: Cylinder.028
23:09:20 | INFO: Primitives created: 1
23:09:20 | INFO: Extracting primitive: Cylinder.029
23:09:20 | INFO: Primitives created: 1
23:09:20 | INFO: Extracting primitive: Cylinder.008
23:09:20 | INFO: Primitives created: 1
23:09:20 | INFO: Extracting primitive: Cylinder.010
23:09:20 | INFO: Primitives created: 1
23:09:20 | INFO: Extracting primitive: Cylinder.020
23:09:20 | INFO: Primitives created: 1
23:09:20 | INFO: Extracting primitive: Cube.103
23:09:20 | INFO: Primitives created: 1
23:09:20 | INFO: Extracting primitive: Cylinder.037
23:09:20 | INFO: Primitives created: 1
23:09:20 | INFO: Extracting primitive: Cylinder.047
23:09:20 | INFO: Primitives created: 1
23:09:20 | INFO: Extracting primitive: Cube.112
23:09:20 | INFO: Primitives created: 1
23:09:20 | INFO: Extracting primitive: Cube.113
23:09:20 | INFO: Primitives created: 1
23:09:20 | INFO: Extracting primitive: Cylinder.039
23:09:20 | INFO: Primitives created: 1
23:09:20 | INFO: Extracting primitive: Cylinder.040
23:09:20 | INFO: Primitives created: 1
23:09:20 | INFO: Extracting primitive: Cylinder.041
23:09:20 | INFO: Primitives created: 1
23:09:20 | INFO: Extracting primitive: Cylinder.042
23:09:20 | INFO: Primitives created: 1
23:09:20 | INFO: Extracting primitive: Cylinder.043
23:09:20 | INFO: Primitives created: 1
23:09:20 | INFO: Extracting primitive: Cylinder.044
23:09:20 | INFO: Primitives created: 1
23:09:20 | INFO: Extracting primitive: Cylinder.045
23:09:20 | INFO: Primitives created: 1
23:09:20 | INFO: Extracting primitive: Cylinder.046
23:09:20 | INFO: Primitives created: 1
23:09:20 | INFO: Extracting primitive: Cylinder.049
23:09:20 | INFO: Primitives created: 1
23:09:20 | INFO: Extracting primitive: Cylinder.050
23:09:20 | INFO: Primitives created: 1
23:09:20 | INFO: Extracting primitive: Cylinder.051
23:09:20 | INFO: Primitives created: 1
23:09:20 | INFO: Extracting primitive: Cylinder.052
23:09:20 | INFO: Primitives created: 1
23:09:20 | INFO: Extracting primitive: Cylinder.053
23:09:20 | INFO: Primitives created: 1
23:09:20 | INFO: Extracting primitive: Cylinder.054
23:09:20 | INFO: Primitives created: 1
23:09:20 | INFO: Extracting primitive: Cylinder.055
23:09:20 | INFO: Primitives created: 1
23:09:20 | INFO: Extracting primitive: Cylinder.056
23:09:20 | INFO: Primitives created: 1
23:09:20 | INFO: Extracting primitive: Cylinder.057
23:09:20 | INFO: Primitives created: 1
23:09:20 | INFO: Extracting primitive: Cylinder.036
23:09:20 | INFO: Primitives created: 1
23:09:20 | INFO: Extracting primitive: Cylinder.038
23:09:20 | INFO: Primitives created: 1
23:09:20 | INFO: Extracting primitive: Cylinder.048
23:09:20 | INFO: Primitives created: 1
23:09:20 | INFO: Extracting primitive: Cube.111
23:09:20 | INFO: Primitives created: 1
23:09:20 | INFO: Extracting primitive: Cylinder.065
23:09:20 | INFO: Primitives created: 1
23:09:20 | INFO: Extracting primitive: Cylinder.075
23:09:20 | INFO: Primitives created: 1
23:09:20 | INFO: Extracting primitive: Cube.120
23:09:20 | INFO: Primitives created: 1
23:09:20 | INFO: Extracting primitive: Cube.121
23:09:20 | INFO: Primitives created: 1
23:09:20 | INFO: Extracting primitive: Cylinder.067
23:09:20 | INFO: Primitives created: 1
23:09:20 | INFO: Extracting primitive: Cylinder.068
23:09:20 | INFO: Primitives created: 1
23:09:20 | INFO: Extracting primitive: Cylinder.069
23:09:20 | INFO: Primitives created: 1
23:09:20 | INFO: Extracting primitive: Cylinder.070
23:09:20 | INFO: Primitives created: 1
23:09:20 | INFO: Extracting primitive: Cylinder.071
23:09:20 | INFO: Primitives created: 1
23:09:20 | INFO: Extracting primitive: Cylinder.072
23:09:20 | INFO: Primitives created: 1
23:09:20 | INFO: Extracting primitive: Cylinder.073
23:09:20 | INFO: Primitives created: 1
23:09:20 | INFO: Extracting primitive: Cylinder.074
23:09:20 | INFO: Primitives created: 1
23:09:20 | INFO: Extracting primitive: Cylinder.077
23:09:20 | INFO: Primitives created: 1
23:09:20 | INFO: Extracting primitive: Cylinder.078
23:09:20 | INFO: Primitives created: 1
23:09:20 | INFO: Extracting primitive: Cylinder.079
23:09:20 | INFO: Primitives created: 1
23:09:20 | INFO: Extracting primitive: Cylinder.080
23:09:20 | INFO: Primitives created: 1
23:09:20 | INFO: Extracting primitive: Cylinder.081
23:09:20 | INFO: Primitives created: 1
23:09:20 | INFO: Extracting primitive: Cylinder.082
23:09:20 | INFO: Primitives created: 1
23:09:20 | INFO: Extracting primitive: Cylinder.083
23:09:20 | INFO: Primitives created: 1
23:09:20 | INFO: Extracting primitive: Cylinder.084
23:09:20 | INFO: Primitives created: 1
23:09:20 | INFO: Extracting primitive: Cylinder.085
23:09:20 | INFO: Primitives created: 1
23:09:20 | INFO: Extracting primitive: Cylinder.064
23:09:20 | INFO: Primitives created: 1
23:09:20 | INFO: Extracting primitive: Cylinder.066
23:09:20 | INFO: Primitives created: 1
23:09:20 | INFO: Extracting primitive: Cylinder.076
23:09:20 | INFO: Primitives created: 1
23:09:20 | INFO: Extracting primitive: Cube.119
23:09:20 | INFO: Primitives created: 1
23:09:20 | INFO: Extracting primitive: xc330
23:09:20 | INFO: Primitives created: 1
23:09:20 | INFO: Extracting primitive: Cube.144
23:09:20 | INFO: Primitives created: 1
23:09:20 | INFO: Extracting primitive: Cube.145
23:09:20 | INFO: Primitives created: 1
23:09:20 | INFO: Extracting primitive: Cube.146
23:09:20 | INFO: Primitives created: 1
23:09:20 | INFO: Extracting primitive: Cube.147
23:09:20 | INFO: Primitives created: 1
23:09:20 | INFO: Extracting primitive: xc330.001
23:09:20 | INFO: Primitives created: 1
23:09:20 | INFO: Extracting primitive: Cube.148
23:09:20 | INFO: Primitives created: 1
23:09:20 | INFO: Extracting primitive: D435 source triangles
23:09:20 | INFO: Primitives created: 1
23:09:20 | INFO: Extracting primitive: D435 source triangles.001
23:09:20 | INFO: Primitives created: 1
23:09:20 | INFO: Extracting primitive: D435 source triangles.002
23:09:20 | INFO: Primitives created: 1
23:09:20 | INFO: Extracting primitive: D435 source triangles.003
23:09:20 | INFO: Primitives created: 1
23:09:20 | INFO: Extracting primitive: D435 source triangles.004
23:09:20 | INFO: Primitives created: 1
23:09:20 | INFO: Extracting primitive: D435 source triangles.005
23:09:20 | INFO: Primitives created: 1
23:09:20 | INFO: Extracting primitive: D435 source triangles.006
23:09:20 | INFO: Primitives created: 1
23:09:20 | INFO: Extracting primitive: D435 source triangles.007
23:09:20 | INFO: Primitives created: 1
23:09:20 | INFO: Extracting primitive: D435 source triangles.008
23:09:20 | INFO: Primitives created: 1
23:09:20 | INFO: Extracting primitive: D435 source triangles.009
23:09:20 | INFO: Primitives created: 1
23:09:20 | INFO: Extracting primitive: D435 source triangles.010
23:09:20 | INFO: Primitives created: 1
23:09:20 | INFO: Extracting primitive: D435 source triangles.011
23:09:20 | INFO: Primitives created: 1
23:09:21 | INFO: Extracting primitive: D435 source triangles.012
23:09:21 | INFO: Primitives created: 1
23:09:21 | INFO: Extracting primitive: D435 source triangles.013
23:09:21 | INFO: Primitives created: 1
23:09:21 | INFO: Extracting primitive: D435 source triangles.014
23:09:21 | INFO: Primitives created: 1
23:09:21 | INFO: Extracting primitive: D435 source triangles.015
23:09:21 | INFO: Primitives created: 1
23:09:21 | INFO: Extracting primitive: D435 source triangles.016
23:09:21 | INFO: Primitives created: 1
23:09:21 | INFO: Extracting primitive: D435 source triangles.017
23:09:21 | INFO: Primitives created: 1
23:09:21 | INFO: Extracting primitive: mid360
23:09:21 | INFO: Primitives created: 2
23:09:21 | INFO: Extracting primitive: Cube.149
23:09:21 | INFO: Primitives created: 1
23:09:21 | INFO: Extracting primitive: Cube.150
23:09:21 | INFO: Primitives created: 1
23:09:21 | INFO: Extracting primitive: Printed wedge cheek
23:09:21 | INFO: Primitives created: 1
23:09:21 | INFO: Extracting primitive: Printed wedge cheek.001
23:09:21 | INFO: Primitives created: 1
23:09:21 | INFO: Extracting primitive: Cylinder.093
23:09:21 | INFO: Primitives created: 1
23:09:21 | INFO: Extracting primitive: Cube.172
23:09:21 | INFO: Primitives created: 1
23:09:21 | INFO: Extracting primitive: Cylinder.094
23:09:21 | INFO: Primitives created: 1
23:09:21 | INFO: Extracting primitive: Cube.097
23:09:21 | INFO: Primitives created: 1
23:09:21 | INFO: Extracting primitive: Main vertical loom
23:09:21 | INFO: Primitives created: 1
23:09:21 | INFO: Extracting primitive: Cylinder.031
23:09:21 | INFO: Primitives created: 1
23:09:21 | INFO: Extracting primitive: Cube.107
23:09:21 | INFO: Primitives created: 1
23:09:21 | INFO: Extracting primitive: Cylinder.032
23:09:21 | INFO: Primitives created: 1
23:09:21 | INFO: Extracting primitive: Cylinder.033
23:09:21 | INFO: Primitives created: 1
23:09:21 | INFO: Extracting primitive: Cylinder.034
23:09:21 | INFO: Primitives created: 1
23:09:21 | INFO: Extracting primitive: Cylinder.035
23:09:21 | INFO: Primitives created: 1
23:09:21 | INFO: Extracting primitive: Cube.106
23:09:21 | INFO: Primitives created: 1
23:09:21 | INFO: Extracting primitive: Cylinder.030
23:09:21 | INFO: Primitives created: 1
23:09:21 | INFO: Extracting primitive: BLMR5100K
23:09:21 | INFO: Primitives created: 1
23:09:21 | INFO: Extracting primitive: Cylinder.059
23:09:21 | INFO: Primitives created: 1
23:09:21 | INFO: Extracting primitive: Cube.115
23:09:21 | INFO: Primitives created: 1
23:09:21 | INFO: Extracting primitive: Cylinder.060
23:09:21 | INFO: Primitives created: 1
23:09:21 | INFO: Extracting primitive: Cylinder.061
23:09:21 | INFO: Primitives created: 1
23:09:21 | INFO: Extracting primitive: Cylinder.062
23:09:21 | INFO: Primitives created: 1
23:09:21 | INFO: Extracting primitive: Cylinder.063
23:09:21 | INFO: Primitives created: 1
23:09:21 | INFO: Extracting primitive: Cube.114
23:09:21 | INFO: Primitives created: 1
23:09:21 | INFO: Extracting primitive: Cylinder.058
23:09:21 | INFO: Primitives created: 1
23:09:21 | INFO: Extracting primitive: BLMR5100K.001
23:09:21 | INFO: Primitives created: 1
23:09:21 | INFO: Extracting primitive: Cylinder.087
23:09:21 | INFO: Primitives created: 1
23:09:21 | INFO: Extracting primitive: Cube.123
23:09:21 | INFO: Primitives created: 1
23:09:21 | INFO: Extracting primitive: Cylinder.088
23:09:21 | INFO: Primitives created: 1
23:09:21 | INFO: Extracting primitive: Cylinder.089
23:09:21 | INFO: Primitives created: 1
23:09:21 | INFO: Extracting primitive: Cylinder.090
23:09:21 | INFO: Primitives created: 1
23:09:21 | INFO: Extracting primitive: Cylinder.091
23:09:21 | INFO: Primitives created: 1
23:09:21 | INFO: Extracting primitive: Cube.122
23:09:21 | INFO: Primitives created: 1
23:09:21 | INFO: Extracting primitive: Cylinder.086
23:09:21 | INFO: Primitives created: 1
23:09:21 | INFO: Extracting primitive: BLMR5100K.002
23:09:21 | INFO: Primitives created: 1
23:09:21 | INFO: Extracting primitive: xh540
23:09:21 | INFO: Primitives created: 1
23:09:21 | INFO: Extracting primitive: Cube.109
23:09:21 | INFO: Primitives created: 1
23:09:21 | INFO: Extracting primitive: Cube.110
23:09:21 | INFO: Primitives created: 1
23:09:21 | INFO: Extracting primitive: Cube.108
23:09:21 | INFO: Primitives created: 1
23:09:21 | INFO: Extracting primitive: xh540.001
23:09:21 | INFO: Primitives created: 1
23:09:21 | INFO: Extracting primitive: Cube.117
23:09:21 | INFO: Primitives created: 1
23:09:21 | INFO: Extracting primitive: Cube.118
23:09:21 | INFO: Primitives created: 1
23:09:21 | INFO: Extracting primitive: Cube.116
23:09:21 | INFO: Primitives created: 1
23:09:21 | INFO: Extracting primitive: xh540.002
23:09:21 | INFO: Primitives created: 1
23:09:21 | INFO: Extracting primitive: Cube.125
23:09:21 | INFO: Primitives created: 1
23:09:21 | INFO: Extracting primitive: Cube.126
23:09:21 | INFO: Primitives created: 1
23:09:21 | INFO: Extracting primitive: Cube.124
23:09:21 | INFO: Primitives created: 1
23:09:21 | INFO: Finished glTF 2.0 export in 1.6254992485046387 s
00:16.870  render           | Saved: '/Users/ruan-x/Documents/FY27/robot-3d-asset/renders/assembled.png'
00:24.460  render           | Saved: '/Users/ruan-x/Documents/FY27/robot-3d-asset/renders/exploded.png'
00:32.437  render           | Saved: '/Users/ruan-x/Documents/FY27/robot-3d-asset/renders/arm-detail.png'

BUILD_COMPLETE 34 components
Blender 5.2.2 LTS (hash d13f752e3b9c built 2026-09-15 01:49:19)
Timer 'STL Import' took 3.42 ms
Timer 'STL Import' took 3.47 ms
Timer 'STL Import' took 3.48 ms
Timer 'STL Import' took 4.02 ms
Timer 'STL Import' took 1.42 ms
Timer 'STL Import' took 2.35 ms
Timer 'STL Import' took 0.50 ms
Timer 'STL Import' took 2.29 ms
Timer 'STL Import' took 2.84 ms
Timer 'STL Import' took 2.16 ms
Timer 'STL Import' took 2.20 ms
Timer 'STL Import' took 3.27 ms
Timer 'STL Import' took 4.02 ms
Timer 'STL Import' took 2.45 ms
Timer 'STL Import' took 2.15 ms
Timer 'STL Import' took 2.29 ms
Timer 'STL Import' took 6.39 ms
Timer 'STL Import' took 2.26 ms
Timer 'STL Import' took 3.65 ms
Timer 'STL Import' took 3.34 ms
Timer 'STL Import' took 4.49 ms
Timer 'STL Import' took 4.61 ms
Timer 'STL Import' took 23.75 ms

Blender quit
