/Users/ruan-x/Documents/FY27/robot-3d-asset/blender/scripts/build_robot.py:34: DeprecationWarning: 'Material.use_nodes' is expected to be removed in Blender 6.0
  m=bpy.data.materials.new(name);m.diffuse_color=(*color,1);m.use_nodes=True
00:01.105  io.stl           | WARNING Removed 1 duplicate triangles during import
Info: Saved as "robot_master_v001.blend"
INFO Draco is available, use library at /Applications/Blender.app/Contents/Resources/5.2/scripts/addons_core/io_scene_gltf2/libbf_intern_draco_bridge.dylib
INFO MeshOptimizer is available, use library at /Applications/Blender.app/Contents/Resources/5.2/scripts/addons_core/io_scene_gltf2/libbf_intern_meshopt_bridge.dylib
21:21:22 | INFO: Starting glTF 2.0 export
21:21:22 | INFO: Extracting primitive: Cube.081
21:21:22 | INFO: Primitives created: 1
21:21:22 | INFO: Extracting primitive: Cube.082
21:21:22 | INFO: Primitives created: 1
21:21:22 | INFO: Extracting primitive: Cube.083
21:21:22 | INFO: Primitives created: 1
21:21:22 | INFO: Extracting primitive: Cube.084
21:21:22 | INFO: Primitives created: 1
21:21:22 | INFO: Extracting primitive: Cube.085
21:21:22 | INFO: Primitives created: 1
21:21:22 | INFO: Extracting primitive: Cube.086
21:21:22 | INFO: Primitives created: 1
21:21:22 | INFO: Extracting primitive: Cube.087
21:21:22 | INFO: Primitives created: 1
21:21:22 | INFO: Extracting primitive: Cube.088
21:21:22 | INFO: Primitives created: 1
21:21:22 | INFO: Extracting primitive: Cube.089
21:21:22 | INFO: Primitives created: 1
21:21:22 | INFO: Extracting primitive: Cube.090
21:21:22 | INFO: Primitives created: 1
21:21:22 | INFO: Extracting primitive: Cube.091
21:21:22 | INFO: Primitives created: 1
21:21:22 | INFO: Extracting primitive: Cube.092
21:21:22 | INFO: Primitives created: 1
21:21:22 | INFO: Extracting primitive: Cube.093
21:21:22 | INFO: Primitives created: 1
21:21:22 | INFO: Extracting primitive: Cube.094
21:21:22 | INFO: Primitives created: 1
21:21:22 | INFO: Extracting primitive: Cube.095
21:21:22 | INFO: Primitives created: 1
21:21:22 | INFO: Extracting primitive: Cube.011
21:21:22 | INFO: Primitives created: 1
21:21:22 | INFO: Extracting primitive: Cube.012
21:21:22 | INFO: Primitives created: 1
21:21:22 | INFO: Extracting primitive: Cube.013
21:21:22 | INFO: Primitives created: 1
21:21:22 | INFO: Extracting primitive: Cube.014
21:21:22 | INFO: Primitives created: 1
21:21:22 | INFO: Extracting primitive: Cube.015
21:21:22 | INFO: Primitives created: 1
21:21:22 | INFO: Extracting primitive: Cube.016
21:21:22 | INFO: Primitives created: 1
21:21:22 | INFO: Extracting primitive: Cube.017
21:21:22 | INFO: Primitives created: 1
21:21:22 | INFO: Extracting primitive: Cube.018
21:21:22 | INFO: Primitives created: 1
21:21:22 | INFO: Extracting primitive: Cube.019
21:21:22 | INFO: Primitives created: 1
21:21:22 | INFO: Extracting primitive: Cube.020
21:21:22 | INFO: Primitives created: 1
21:21:22 | INFO: Extracting primitive: Cube.031
21:21:22 | INFO: Primitives created: 1
21:21:22 | INFO: Extracting primitive: Cube.032
21:21:22 | INFO: Primitives created: 1
21:21:22 | INFO: Extracting primitive: Cube.033
21:21:22 | INFO: Primitives created: 1
21:21:22 | INFO: Extracting primitive: Cube.034
21:21:22 | INFO: Primitives created: 1
21:21:22 | INFO: Extracting primitive: Cube.035
21:21:22 | INFO: Primitives created: 1
21:21:22 | INFO: Extracting primitive: Cube.036
21:21:22 | INFO: Primitives created: 1
21:21:22 | INFO: Extracting primitive: Cube.037
21:21:22 | INFO: Primitives created: 1
21:21:22 | INFO: Extracting primitive: Cube.038
21:21:22 | INFO: Primitives created: 1
21:21:22 | INFO: Extracting primitive: Cube.039
21:21:22 | INFO: Primitives created: 1
21:21:22 | INFO: Extracting primitive: Cube.040
21:21:22 | INFO: Primitives created: 1
21:21:22 | INFO: Extracting primitive: Cube.051
21:21:22 | INFO: Primitives created: 1
21:21:22 | INFO: Extracting primitive: Cube.052
21:21:22 | INFO: Primitives created: 1
21:21:22 | INFO: Extracting primitive: Cube.053
21:21:22 | INFO: Primitives created: 1
21:21:22 | INFO: Extracting primitive: Cube.054
21:21:22 | INFO: Primitives created: 1
21:21:22 | INFO: Extracting primitive: Cube.055
21:21:22 | INFO: Primitives created: 1
21:21:22 | INFO: Extracting primitive: Cube.056
21:21:22 | INFO: Primitives created: 1
21:21:22 | INFO: Extracting primitive: Cube.057
21:21:22 | INFO: Primitives created: 1
21:21:22 | INFO: Extracting primitive: Cube.058
21:21:22 | INFO: Primitives created: 1
21:21:22 | INFO: Extracting primitive: Cube.059
21:21:22 | INFO: Primitives created: 1
21:21:22 | INFO: Extracting primitive: Cube.060
21:21:22 | INFO: Primitives created: 1
21:21:22 | INFO: Extracting primitive: Cube.001
21:21:22 | INFO: Primitives created: 1
21:21:22 | INFO: Extracting primitive: Cube.002
21:21:22 | INFO: Primitives created: 1
21:21:22 | INFO: Extracting primitive: Cube.003
21:21:22 | INFO: Primitives created: 1
21:21:22 | INFO: Extracting primitive: Cube.004
21:21:22 | INFO: Primitives created: 1
21:21:22 | INFO: Extracting primitive: Cube.005
21:21:22 | INFO: Primitives created: 1
21:21:22 | INFO: Extracting primitive: Cube.006
21:21:22 | INFO: Primitives created: 1
21:21:22 | INFO: Extracting primitive: Cube.007
21:21:22 | INFO: Primitives created: 1
21:21:22 | INFO: Extracting primitive: Cube.008
21:21:22 | INFO: Primitives created: 1
21:21:22 | INFO: Extracting primitive: Cube.009
21:21:22 | INFO: Primitives created: 1
21:21:22 | INFO: Extracting primitive: Cube.010
21:21:22 | INFO: Primitives created: 1
21:21:22 | INFO: Extracting primitive: Cube.021
21:21:22 | INFO: Primitives created: 1
21:21:22 | INFO: Extracting primitive: Cube.022
21:21:22 | INFO: Primitives created: 1
21:21:22 | INFO: Extracting primitive: Cube.023
21:21:22 | INFO: Primitives created: 1
21:21:22 | INFO: Extracting primitive: Cube.024
21:21:22 | INFO: Primitives created: 1
21:21:22 | INFO: Extracting primitive: Cube.025
21:21:22 | INFO: Primitives created: 1
21:21:22 | INFO: Extracting primitive: Cube.026
21:21:22 | INFO: Primitives created: 1
21:21:22 | INFO: Extracting primitive: Cube.027
21:21:22 | INFO: Primitives created: 1
21:21:22 | INFO: Extracting primitive: Cube.028
21:21:22 | INFO: Primitives created: 1
21:21:22 | INFO: Extracting primitive: Cube.029
21:21:22 | INFO: Primitives created: 1
21:21:22 | INFO: Extracting primitive: Cube.030
21:21:22 | INFO: Primitives created: 1
21:21:22 | INFO: Extracting primitive: Cube.041
21:21:22 | INFO: Primitives created: 1
21:21:22 | INFO: Extracting primitive: Cube.042
21:21:22 | INFO: Primitives created: 1
21:21:22 | INFO: Extracting primitive: Cube.043
21:21:22 | INFO: Primitives created: 1
21:21:22 | INFO: Extracting primitive: Cube.044
21:21:22 | INFO: Primitives created: 1
21:21:22 | INFO: Extracting primitive: Cube.045
21:21:22 | INFO: Primitives created: 1
21:21:22 | INFO: Extracting primitive: Cube.046
21:21:22 | INFO: Primitives created: 1
21:21:22 | INFO: Extracting primitive: Cube.047
21:21:22 | INFO: Primitives created: 1
21:21:22 | INFO: Extracting primitive: Cube.048
21:21:22 | INFO: Primitives created: 1
21:21:22 | INFO: Extracting primitive: Cube.049
21:21:22 | INFO: Primitives created: 1
21:21:22 | INFO: Extracting primitive: Cube.050
21:21:22 | INFO: Primitives created: 1
21:21:22 | INFO: Extracting primitive: Cube.061
21:21:22 | INFO: Primitives created: 1
21:21:22 | INFO: Extracting primitive: Cube.062
21:21:22 | INFO: Primitives created: 1
21:21:22 | INFO: Extracting primitive: Cube.063
21:21:22 | INFO: Primitives created: 1
21:21:22 | INFO: Extracting primitive: Cube.064
21:21:22 | INFO: Primitives created: 1
21:21:22 | INFO: Extracting primitive: Cube.065
21:21:22 | INFO: Primitives created: 1
21:21:22 | INFO: Extracting primitive: Cube.066
21:21:22 | INFO: Primitives created: 1
21:21:22 | INFO: Extracting primitive: Cube.067
21:21:22 | INFO: Primitives created: 1
21:21:22 | INFO: Extracting primitive: Cube.068
21:21:22 | INFO: Primitives created: 1
21:21:22 | INFO: Extracting primitive: Cube.069
21:21:22 | INFO: Primitives created: 1
21:21:22 | INFO: Extracting primitive: Cube.070
21:21:22 | INFO: Primitives created: 1
21:21:22 | INFO: Extracting primitive: Cube.071
21:21:22 | INFO: Primitives created: 1
21:21:22 | INFO: Extracting primitive: Cube.072
21:21:22 | INFO: Primitives created: 1
21:21:22 | INFO: Extracting primitive: Cube.073
21:21:22 | INFO: Primitives created: 1
21:21:22 | INFO: Extracting primitive: Cube.074
21:21:22 | INFO: Primitives created: 1
21:21:22 | INFO: Extracting primitive: Cube.075
21:21:22 | INFO: Primitives created: 1
21:21:22 | INFO: Extracting primitive: Cube.076
21:21:22 | INFO: Primitives created: 1
21:21:22 | INFO: Extracting primitive: Cube.077
21:21:22 | INFO: Primitives created: 1
21:21:22 | INFO: Extracting primitive: Cube.078
21:21:22 | INFO: Primitives created: 1
21:21:22 | INFO: Extracting primitive: Cube.079
21:21:22 | INFO: Primitives created: 1
21:21:22 | INFO: Extracting primitive: Cube.080
21:21:22 | INFO: Primitives created: 1
21:21:22 | INFO: Extracting primitive: Cube.098
21:21:22 | INFO: Primitives created: 1
21:21:22 | INFO: Extracting primitive: Cube.099
21:21:22 | INFO: Primitives created: 1
21:21:22 | INFO: Extracting primitive: Cube.100
21:21:22 | INFO: Primitives created: 1
21:21:22 | INFO: Extracting primitive: Cube.101
21:21:22 | INFO: Primitives created: 1
21:21:22 | INFO: Extracting primitive: Cube.102
21:21:22 | INFO: Primitives created: 1
21:21:22 | INFO: Extracting primitive: Cube.096
21:21:22 | INFO: Primitives created: 1
21:21:22 | INFO: Extracting primitive: Cylinder
21:21:22 | INFO: Primitives created: 1
21:21:22 | INFO: Extracting primitive: Cylinder.001
21:21:22 | INFO: Primitives created: 1
21:21:22 | INFO: Extracting primitive: Cylinder.002
21:21:22 | INFO: Primitives created: 1
21:21:22 | INFO: Extracting primitive: Cylinder.003
21:21:22 | INFO: Primitives created: 1
21:21:22 | INFO: Extracting primitive: Cylinder.004
21:21:22 | INFO: Primitives created: 1
21:21:22 | INFO: Extracting primitive: Cylinder.005
21:21:22 | INFO: Primitives created: 1
21:21:22 | INFO: Extracting primitive: Cylinder.006
21:21:22 | INFO: Primitives created: 1
21:21:22 | INFO: Extracting primitive: Cylinder.007
21:21:22 | INFO: Primitives created: 1
21:21:22 | INFO: Extracting primitive: Cube.162
21:21:22 | INFO: Primitives created: 1
21:21:22 | INFO: Extracting primitive: Cube.164
21:21:22 | INFO: Primitives created: 1
21:21:22 | INFO: Extracting primitive: Cube.166
21:21:22 | INFO: Primitives created: 1
21:21:22 | INFO: Extracting primitive: Cube.168
21:21:22 | INFO: Primitives created: 1
21:21:22 | INFO: Extracting primitive: Cube.170
21:21:22 | INFO: Primitives created: 1
21:21:22 | INFO: Extracting primitive: Cube.163
21:21:22 | INFO: Primitives created: 1
21:21:22 | INFO: Extracting primitive: Cube.165
21:21:22 | INFO: Primitives created: 1
21:21:22 | INFO: Extracting primitive: Cube.167
21:21:22 | INFO: Primitives created: 1
21:21:22 | INFO: Extracting primitive: Cube.151
21:21:22 | INFO: Primitives created: 1
21:21:22 | INFO: Extracting primitive: Cube.152
21:21:22 | INFO: Primitives created: 1
21:21:22 | INFO: Extracting primitive: Cube.153
21:21:22 | INFO: Primitives created: 1
21:21:22 | INFO: Extracting primitive: Cube.154
21:21:22 | INFO: Primitives created: 1
21:21:22 | INFO: Extracting primitive: Cube.155
21:21:22 | INFO: Primitives created: 1
21:21:22 | INFO: Extracting primitive: Cube.156
21:21:22 | INFO: Primitives created: 1
21:21:22 | INFO: Extracting primitive: Cube.157
21:21:22 | INFO: Primitives created: 1
21:21:22 | INFO: Extracting primitive: Cube.158
21:21:22 | INFO: Primitives created: 1
21:21:22 | INFO: Extracting primitive: Cube.159
21:21:22 | INFO: Primitives created: 1
21:21:22 | INFO: Extracting primitive: Cube.160
21:21:22 | INFO: Primitives created: 1
21:21:22 | INFO: Extracting primitive: Cube.161
21:21:22 | INFO: Primitives created: 1
21:21:22 | INFO: Extracting primitive: Cube.169
21:21:22 | INFO: Primitives created: 1
21:21:22 | INFO: Extracting primitive: Cube.171
21:21:22 | INFO: Primitives created: 1
21:21:22 | INFO: Extracting primitive: Cube.148
21:21:22 | INFO: Primitives created: 1
21:21:22 | INFO: Extracting primitive: Cube.149
21:21:22 | INFO: Primitives created: 1
21:21:22 | INFO: Extracting primitive: Cube.150
21:21:22 | INFO: Primitives created: 1
21:21:22 | INFO: Extracting primitive: Cube.120
21:21:22 | INFO: Primitives created: 1
21:21:22 | INFO: Extracting primitive: Cube.119
21:21:22 | INFO: Primitives created: 1
21:21:22 | INFO: Extracting primitive: Cube.121
21:21:22 | INFO: Primitives created: 1
21:21:22 | INFO: Extracting primitive: Cube.122
21:21:22 | INFO: Primitives created: 1
21:21:22 | INFO: Extracting primitive: Cube.118
21:21:22 | INFO: Primitives created: 1
21:21:22 | INFO: Extracting primitive: Cylinder.077
21:21:22 | INFO: Primitives created: 1
21:21:22 | INFO: Extracting primitive: Cylinder.078
21:21:22 | INFO: Primitives created: 1
21:21:22 | INFO: Extracting primitive: Cube.124
21:21:22 | INFO: Primitives created: 1
21:21:22 | INFO: Extracting primitive: Cube.123
21:21:22 | INFO: Primitives created: 1
21:21:22 | INFO: Extracting primitive: Estimated wrist camera support
21:21:22 | INFO: Primitives created: 1
21:21:22 | INFO: Extracting primitive: Cube.125
21:21:22 | INFO: Primitives created: 1
21:21:22 | INFO: Extracting primitive: Cylinder.079
21:21:22 | INFO: Primitives created: 1
21:21:22 | INFO: Extracting primitive: moving_jaw_so101_v1
21:21:22 | INFO: Primitives created: 1
21:21:22 | INFO: Extracting primitive: sts3215_03a_v1.004
21:21:22 | INFO: Primitives created: 1
21:21:22 | INFO: Extracting primitive: wrist_roll_follower_so101_v1
21:21:22 | INFO: Primitives created: 1
21:21:22 | INFO: Extracting primitive: sts3215_03a_no_horn_v1
21:21:22 | INFO: Primitives created: 1
21:21:22 | INFO: Extracting primitive: wrist_roll_pitch_so101_v2
21:21:22 | INFO: Primitives created: 1
21:21:22 | INFO: Extracting primitive: under_arm_so101_v1
21:21:22 | INFO: Primitives created: 1
21:21:22 | INFO: Extracting primitive: motor_holder_so101_wrist_v1
21:21:22 | INFO: Primitives created: 1
21:21:22 | INFO: Extracting primitive: sts3215_03a_v1.003
21:21:22 | INFO: Primitives created: 1
21:21:22 | INFO: Extracting primitive: sts3215_03a_v1.002
21:21:22 | INFO: Primitives created: 1
21:21:22 | INFO: Extracting primitive: upper_arm_so101_v1
21:21:22 | INFO: Primitives created: 1
21:21:22 | INFO: Extracting primitive: sts3215_03a_v1.001
21:21:22 | INFO: Primitives created: 1
21:21:22 | INFO: Extracting primitive: motor_holder_so101_base_v1
21:21:22 | INFO: Primitives created: 1
21:21:22 | INFO: Extracting primitive: rotation_pitch_so101_v1
21:21:22 | INFO: Primitives created: 1
21:21:22 | INFO: Extracting primitive: base_motor_holder_so101_v1
21:21:22 | INFO: Primitives created: 1
21:21:22 | INFO: Extracting primitive: base_so101_v2
21:21:22 | INFO: Primitives created: 1
21:21:22 | INFO: Extracting primitive: sts3215_03a_v1
21:21:22 | INFO: Primitives created: 1
21:21:22 | INFO: Extracting primitive: waveshare_mounting_plate_so101_v2
21:21:22 | INFO: Primitives created: 1
21:21:22 | INFO: Extracting primitive: Cylinder.009
21:21:22 | INFO: Primitives created: 1
21:21:22 | INFO: Extracting primitive: Cylinder.019
21:21:22 | INFO: Primitives created: 1
21:21:22 | INFO: Extracting primitive: Cube.104
21:21:22 | INFO: Primitives created: 1
21:21:22 | INFO: Extracting primitive: Cube.105
21:21:22 | INFO: Primitives created: 1
21:21:22 | INFO: Extracting primitive: Cylinder.011
21:21:22 | INFO: Primitives created: 1
21:21:22 | INFO: Extracting primitive: Cylinder.012
21:21:22 | INFO: Primitives created: 1
21:21:22 | INFO: Extracting primitive: Cylinder.013
21:21:22 | INFO: Primitives created: 1
21:21:22 | INFO: Extracting primitive: Cylinder.014
21:21:22 | INFO: Primitives created: 1
21:21:22 | INFO: Extracting primitive: Cylinder.015
21:21:22 | INFO: Primitives created: 1
21:21:22 | INFO: Extracting primitive: Cylinder.016
21:21:22 | INFO: Primitives created: 1
21:21:22 | INFO: Extracting primitive: Cylinder.017
21:21:22 | INFO: Primitives created: 1
21:21:22 | INFO: Extracting primitive: Cylinder.018
21:21:22 | INFO: Primitives created: 1
21:21:22 | INFO: Extracting primitive: Cylinder.021
21:21:22 | INFO: Primitives created: 1
21:21:22 | INFO: Extracting primitive: Cylinder.022
21:21:22 | INFO: Primitives created: 1
21:21:22 | INFO: Extracting primitive: Cylinder.023
21:21:22 | INFO: Primitives created: 1
21:21:22 | INFO: Extracting primitive: Cylinder.024
21:21:22 | INFO: Primitives created: 1
21:21:22 | INFO: Extracting primitive: Cylinder.025
21:21:22 | INFO: Primitives created: 1
21:21:22 | INFO: Extracting primitive: Cylinder.026
21:21:22 | INFO: Primitives created: 1
21:21:22 | INFO: Extracting primitive: Cylinder.027
21:21:22 | INFO: Primitives created: 1
21:21:22 | INFO: Extracting primitive: Cylinder.028
21:21:22 | INFO: Primitives created: 1
21:21:22 | INFO: Extracting primitive: Cylinder.029
21:21:22 | INFO: Primitives created: 1
21:21:22 | INFO: Extracting primitive: Cylinder.008
21:21:22 | INFO: Primitives created: 1
21:21:22 | INFO: Extracting primitive: Cylinder.010
21:21:22 | INFO: Primitives created: 1
21:21:22 | INFO: Extracting primitive: Cylinder.020
21:21:22 | INFO: Primitives created: 1
21:21:22 | INFO: Extracting primitive: Cube.103
21:21:22 | INFO: Primitives created: 1
21:21:22 | INFO: Extracting primitive: Cylinder.032
21:21:22 | INFO: Primitives created: 1
21:21:22 | INFO: Extracting primitive: Cylinder.042
21:21:22 | INFO: Primitives created: 1
21:21:22 | INFO: Extracting primitive: Cube.109
21:21:22 | INFO: Primitives created: 1
21:21:22 | INFO: Extracting primitive: Cube.110
21:21:22 | INFO: Primitives created: 1
21:21:22 | INFO: Extracting primitive: Cylinder.034
21:21:22 | INFO: Primitives created: 1
21:21:22 | INFO: Extracting primitive: Cylinder.035
21:21:22 | INFO: Primitives created: 1
21:21:23 | INFO: Extracting primitive: Cylinder.036
21:21:23 | INFO: Primitives created: 1
21:21:23 | INFO: Extracting primitive: Cylinder.037
21:21:23 | INFO: Primitives created: 1
21:21:23 | INFO: Extracting primitive: Cylinder.038
21:21:23 | INFO: Primitives created: 1
21:21:23 | INFO: Extracting primitive: Cylinder.039
21:21:23 | INFO: Primitives created: 1
21:21:23 | INFO: Extracting primitive: Cylinder.040
21:21:23 | INFO: Primitives created: 1
21:21:23 | INFO: Extracting primitive: Cylinder.041
21:21:23 | INFO: Primitives created: 1
21:21:23 | INFO: Extracting primitive: Cylinder.044
21:21:23 | INFO: Primitives created: 1
21:21:23 | INFO: Extracting primitive: Cylinder.045
21:21:23 | INFO: Primitives created: 1
21:21:23 | INFO: Extracting primitive: Cylinder.046
21:21:23 | INFO: Primitives created: 1
21:21:23 | INFO: Extracting primitive: Cylinder.047
21:21:23 | INFO: Primitives created: 1
21:21:23 | INFO: Extracting primitive: Cylinder.048
21:21:23 | INFO: Primitives created: 1
21:21:23 | INFO: Extracting primitive: Cylinder.049
21:21:23 | INFO: Primitives created: 1
21:21:23 | INFO: Extracting primitive: Cylinder.050
21:21:23 | INFO: Primitives created: 1
21:21:23 | INFO: Extracting primitive: Cylinder.051
21:21:23 | INFO: Primitives created: 1
21:21:23 | INFO: Extracting primitive: Cylinder.052
21:21:23 | INFO: Primitives created: 1
21:21:23 | INFO: Extracting primitive: Cylinder.031
21:21:23 | INFO: Primitives created: 1
21:21:23 | INFO: Extracting primitive: Cylinder.033
21:21:23 | INFO: Primitives created: 1
21:21:23 | INFO: Extracting primitive: Cylinder.043
21:21:23 | INFO: Primitives created: 1
21:21:23 | INFO: Extracting primitive: Cube.108
21:21:23 | INFO: Primitives created: 1
21:21:23 | INFO: Extracting primitive: Cylinder.055
21:21:23 | INFO: Primitives created: 1
21:21:23 | INFO: Extracting primitive: Cylinder.065
21:21:23 | INFO: Primitives created: 1
21:21:23 | INFO: Extracting primitive: Cube.114
21:21:23 | INFO: Primitives created: 1
21:21:23 | INFO: Extracting primitive: Cube.115
21:21:23 | INFO: Primitives created: 1
21:21:23 | INFO: Extracting primitive: Cylinder.057
21:21:23 | INFO: Primitives created: 1
21:21:23 | INFO: Extracting primitive: Cylinder.058
21:21:23 | INFO: Primitives created: 1
21:21:23 | INFO: Extracting primitive: Cylinder.059
21:21:23 | INFO: Primitives created: 1
21:21:23 | INFO: Extracting primitive: Cylinder.060
21:21:23 | INFO: Primitives created: 1
21:21:23 | INFO: Extracting primitive: Cylinder.061
21:21:23 | INFO: Primitives created: 1
21:21:23 | INFO: Extracting primitive: Cylinder.062
21:21:23 | INFO: Primitives created: 1
21:21:23 | INFO: Extracting primitive: Cylinder.063
21:21:23 | INFO: Primitives created: 1
21:21:23 | INFO: Extracting primitive: Cylinder.064
21:21:23 | INFO: Primitives created: 1
21:21:23 | INFO: Extracting primitive: Cylinder.067
21:21:23 | INFO: Primitives created: 1
21:21:23 | INFO: Extracting primitive: Cylinder.068
21:21:23 | INFO: Primitives created: 1
21:21:23 | INFO: Extracting primitive: Cylinder.069
21:21:23 | INFO: Primitives created: 1
21:21:23 | INFO: Extracting primitive: Cylinder.070
21:21:23 | INFO: Primitives created: 1
21:21:23 | INFO: Extracting primitive: Cylinder.071
21:21:23 | INFO: Primitives created: 1
21:21:23 | INFO: Extracting primitive: Cylinder.072
21:21:23 | INFO: Primitives created: 1
21:21:23 | INFO: Extracting primitive: Cylinder.073
21:21:23 | INFO: Primitives created: 1
21:21:23 | INFO: Extracting primitive: Cylinder.074
21:21:23 | INFO: Primitives created: 1
21:21:23 | INFO: Extracting primitive: Cylinder.075
21:21:23 | INFO: Primitives created: 1
21:21:23 | INFO: Extracting primitive: Cylinder.054
21:21:23 | INFO: Primitives created: 1
21:21:23 | INFO: Extracting primitive: Cylinder.056
21:21:23 | INFO: Primitives created: 1
21:21:23 | INFO: Extracting primitive: Cylinder.066
21:21:23 | INFO: Primitives created: 1
21:21:23 | INFO: Extracting primitive: Cube.113
21:21:23 | INFO: Primitives created: 1
21:21:23 | INFO: Extracting primitive: Cylinder.080
21:21:23 | INFO: Primitives created: 1
21:21:23 | INFO: Extracting primitive: Cube.126
21:21:23 | INFO: Primitives created: 1
21:21:23 | INFO: Extracting primitive: D435 source triangles
21:21:23 | INFO: Primitives created: 1
21:21:23 | INFO: Extracting primitive: D435 source triangles.001
21:21:23 | INFO: Primitives created: 1
21:21:23 | INFO: Extracting primitive: D435 source triangles.002
21:21:23 | INFO: Primitives created: 1
21:21:23 | INFO: Extracting primitive: D435 source triangles.003
21:21:23 | INFO: Primitives created: 1
21:21:23 | INFO: Extracting primitive: D435 source triangles.004
21:21:23 | INFO: Primitives created: 1
21:21:23 | INFO: Extracting primitive: D435 source triangles.005
21:21:23 | INFO: Primitives created: 1
21:21:23 | INFO: Extracting primitive: D435 source triangles.006
21:21:23 | INFO: Primitives created: 1
21:21:23 | INFO: Extracting primitive: D435 source triangles.007
21:21:23 | INFO: Primitives created: 1
21:21:23 | INFO: Extracting primitive: D435 source triangles.008
21:21:23 | INFO: Primitives created: 1
21:21:23 | INFO: Extracting primitive: D435 source triangles.009
21:21:23 | INFO: Primitives created: 1
21:21:23 | INFO: Extracting primitive: D435 source triangles.010
21:21:23 | INFO: Primitives created: 1
21:21:23 | INFO: Extracting primitive: D435 source triangles.011
21:21:23 | INFO: Primitives created: 1
21:21:23 | INFO: Extracting primitive: D435 source triangles.012
21:21:23 | INFO: Primitives created: 1
21:21:23 | INFO: Extracting primitive: D435 source triangles.013
21:21:23 | INFO: Primitives created: 1
21:21:23 | INFO: Extracting primitive: D435 source triangles.014
21:21:23 | INFO: Primitives created: 1
21:21:23 | INFO: Extracting primitive: D435 source triangles.015
21:21:23 | INFO: Primitives created: 1
21:21:23 | INFO: Extracting primitive: D435 source triangles.016
21:21:23 | INFO: Primitives created: 1
21:21:23 | INFO: Extracting primitive: D435 source triangles.017
21:21:23 | INFO: Primitives created: 1
21:21:23 | INFO: Extracting primitive: Cylinder.081
21:21:23 | INFO: Primitives created: 1
21:21:23 | INFO: Extracting primitive: Cylinder.082
21:21:23 | INFO: Primitives created: 1
21:21:23 | INFO: Extracting primitive: Sphere
21:21:23 | INFO: Primitives created: 1
21:21:23 | INFO: Extracting primitive: Cube.127
21:21:23 | INFO: Primitives created: 1
21:21:23 | INFO: Extracting primitive: Cube.128
21:21:23 | INFO: Primitives created: 1
21:21:23 | INFO: Extracting primitive: Cube.129
21:21:23 | INFO: Primitives created: 1
21:21:23 | INFO: Extracting primitive: Cube.130
21:21:23 | INFO: Primitives created: 1
21:21:23 | INFO: Extracting primitive: Cube.131
21:21:23 | INFO: Primitives created: 1
21:21:23 | INFO: Extracting primitive: Cube.132
21:21:23 | INFO: Primitives created: 1
21:21:23 | INFO: Extracting primitive: Cube.133
21:21:23 | INFO: Primitives created: 1
21:21:23 | INFO: Extracting primitive: Cube.134
21:21:23 | INFO: Primitives created: 1
21:21:23 | INFO: Extracting primitive: Cube.135
21:21:23 | INFO: Primitives created: 1
21:21:23 | INFO: Extracting primitive: Cube.136
21:21:23 | INFO: Primitives created: 1
21:21:23 | INFO: Extracting primitive: Cube.137
21:21:23 | INFO: Primitives created: 1
21:21:23 | INFO: Extracting primitive: Cube.138
21:21:23 | INFO: Primitives created: 1
21:21:23 | INFO: Extracting primitive: Cube.139
21:21:23 | INFO: Primitives created: 1
21:21:23 | INFO: Extracting primitive: Cube.140
21:21:23 | INFO: Primitives created: 1
21:21:23 | INFO: Extracting primitive: Cube.141
21:21:23 | INFO: Primitives created: 1
21:21:23 | INFO: Extracting primitive: Cube.142
21:21:23 | INFO: Primitives created: 1
21:21:23 | INFO: Extracting primitive: Cylinder.083
21:21:23 | INFO: Primitives created: 1
21:21:23 | INFO: Extracting primitive: Cylinder.084
21:21:23 | INFO: Primitives created: 1
21:21:23 | INFO: Extracting primitive: Cube.097
21:21:23 | INFO: Primitives created: 1
21:21:23 | INFO: Extracting primitive: Cube.143
21:21:23 | INFO: Primitives created: 1
21:21:23 | INFO: Extracting primitive: Cube.144
21:21:23 | INFO: Primitives created: 1
21:21:23 | INFO: Extracting primitive: Cube.145
21:21:23 | INFO: Primitives created: 1
21:21:23 | INFO: Extracting primitive: Cube.146
21:21:23 | INFO: Primitives created: 1
21:21:23 | INFO: Extracting primitive: Cube.147
21:21:23 | INFO: Primitives created: 1
21:21:23 | INFO: Extracting primitive: Representative electrical loom
21:21:23 | INFO: Primitives created: 1
21:21:23 | INFO: Extracting primitive: Representative electrical loom.001
21:21:23 | INFO: Primitives created: 1
21:21:23 | INFO: Extracting primitive: Representative electrical loom.002
21:21:23 | INFO: Primitives created: 1
21:21:23 | INFO: Extracting primitive: Representative electrical loom.003
21:21:23 | INFO: Primitives created: 1
21:21:23 | INFO: Extracting primitive: Representative electrical loom.004
21:21:23 | INFO: Primitives created: 1
21:21:23 | INFO: Extracting primitive: Cube.106
21:21:23 | INFO: Primitives created: 1
21:21:23 | INFO: Extracting primitive: Cube.111
21:21:23 | INFO: Primitives created: 1
21:21:23 | INFO: Extracting primitive: Cube.116
21:21:23 | INFO: Primitives created: 1
21:21:23 | INFO: Extracting primitive: Cylinder.030
21:21:23 | INFO: Primitives created: 1
21:21:23 | INFO: Extracting primitive: Cylinder.053
21:21:23 | INFO: Primitives created: 1
21:21:23 | INFO: Extracting primitive: Cylinder.076
21:21:23 | INFO: Primitives created: 1
21:21:23 | INFO: Extracting primitive: Cube.107
21:21:23 | INFO: Primitives created: 1
21:21:23 | INFO: Extracting primitive: Cube.112
21:21:23 | INFO: Primitives created: 1
21:21:23 | INFO: Extracting primitive: Cube.117
21:21:23 | INFO: Primitives created: 1
21:21:23 | INFO: Finished glTF 2.0 export in 0.8960092067718506 s

21:21:23 | INFO: Starting glTF 2.0 export
21:21:23 | INFO: Extracting primitive: Cube.081
21:21:23 | INFO: Primitives created: 1
21:21:23 | INFO: Extracting primitive: Cube.082
21:21:23 | INFO: Primitives created: 1
21:21:23 | INFO: Extracting primitive: Cube.083
21:21:23 | INFO: Primitives created: 1
21:21:23 | INFO: Extracting primitive: Cube.084
21:21:23 | INFO: Primitives created: 1
21:21:23 | INFO: Extracting primitive: Cube.085
21:21:23 | INFO: Primitives created: 1
21:21:23 | INFO: Extracting primitive: Cube.086
21:21:23 | INFO: Primitives created: 1
21:21:23 | INFO: Extracting primitive: Cube.087
21:21:23 | INFO: Primitives created: 1
21:21:23 | INFO: Extracting primitive: Cube.088
21:21:23 | INFO: Primitives created: 1
21:21:23 | INFO: Extracting primitive: Cube.089
21:21:23 | INFO: Primitives created: 1
21:21:23 | INFO: Extracting primitive: Cube.090
21:21:23 | INFO: Primitives created: 1
21:21:23 | INFO: Extracting primitive: Cube.091
21:21:23 | INFO: Primitives created: 1
21:21:23 | INFO: Extracting primitive: Cube.092
21:21:23 | INFO: Primitives created: 1
21:21:23 | INFO: Extracting primitive: Cube.093
21:21:23 | INFO: Primitives created: 1
21:21:23 | INFO: Extracting primitive: Cube.094
21:21:23 | INFO: Primitives created: 1
21:21:23 | INFO: Extracting primitive: Cube.095
21:21:23 | INFO: Primitives created: 1
21:21:23 | INFO: Extracting primitive: Cube.011
21:21:23 | INFO: Primitives created: 1
21:21:23 | INFO: Extracting primitive: Cube.012
21:21:23 | INFO: Primitives created: 1
21:21:23 | INFO: Extracting primitive: Cube.013
21:21:23 | INFO: Primitives created: 1
21:21:23 | INFO: Extracting primitive: Cube.014
21:21:23 | INFO: Primitives created: 1
21:21:23 | INFO: Extracting primitive: Cube.015
21:21:23 | INFO: Primitives created: 1
21:21:23 | INFO: Extracting primitive: Cube.016
21:21:23 | INFO: Primitives created: 1
21:21:23 | INFO: Extracting primitive: Cube.017
21:21:23 | INFO: Primitives created: 1
21:21:23 | INFO: Extracting primitive: Cube.018
21:21:23 | INFO: Primitives created: 1
21:21:23 | INFO: Extracting primitive: Cube.019
21:21:23 | INFO: Primitives created: 1
21:21:23 | INFO: Extracting primitive: Cube.020
21:21:23 | INFO: Primitives created: 1
21:21:23 | INFO: Extracting primitive: Cube.031
21:21:23 | INFO: Primitives created: 1
21:21:23 | INFO: Extracting primitive: Cube.032
21:21:23 | INFO: Primitives created: 1
21:21:23 | INFO: Extracting primitive: Cube.033
21:21:23 | INFO: Primitives created: 1
21:21:23 | INFO: Extracting primitive: Cube.034
21:21:23 | INFO: Primitives created: 1
21:21:23 | INFO: Extracting primitive: Cube.035
21:21:23 | INFO: Primitives created: 1
21:21:23 | INFO: Extracting primitive: Cube.036
21:21:23 | INFO: Primitives created: 1
21:21:23 | INFO: Extracting primitive: Cube.037
21:21:23 | INFO: Primitives created: 1
21:21:23 | INFO: Extracting primitive: Cube.038
21:21:23 | INFO: Primitives created: 1
21:21:23 | INFO: Extracting primitive: Cube.039
21:21:23 | INFO: Primitives created: 1
21:21:23 | INFO: Extracting primitive: Cube.040
21:21:23 | INFO: Primitives created: 1
21:21:23 | INFO: Extracting primitive: Cube.051
21:21:23 | INFO: Primitives created: 1
21:21:23 | INFO: Extracting primitive: Cube.052
21:21:23 | INFO: Primitives created: 1
21:21:23 | INFO: Extracting primitive: Cube.053
21:21:23 | INFO: Primitives created: 1
21:21:23 | INFO: Extracting primitive: Cube.054
21:21:23 | INFO: Primitives created: 1
21:21:23 | INFO: Extracting primitive: Cube.055
21:21:23 | INFO: Primitives created: 1
21:21:23 | INFO: Extracting primitive: Cube.056
21:21:23 | INFO: Primitives created: 1
21:21:23 | INFO: Extracting primitive: Cube.057
21:21:23 | INFO: Primitives created: 1
21:21:23 | INFO: Extracting primitive: Cube.058
21:21:23 | INFO: Primitives created: 1
21:21:23 | INFO: Extracting primitive: Cube.059
21:21:23 | INFO: Primitives created: 1
21:21:23 | INFO: Extracting primitive: Cube.060
21:21:23 | INFO: Primitives created: 1
21:21:23 | INFO: Extracting primitive: Cube.001
21:21:23 | INFO: Primitives created: 1
21:21:23 | INFO: Extracting primitive: Cube.002
21:21:23 | INFO: Primitives created: 1
21:21:23 | INFO: Extracting primitive: Cube.003
21:21:23 | INFO: Primitives created: 1
21:21:23 | INFO: Extracting primitive: Cube.004
21:21:23 | INFO: Primitives created: 1
21:21:23 | INFO: Extracting primitive: Cube.005
21:21:23 | INFO: Primitives created: 1
21:21:23 | INFO: Extracting primitive: Cube.006
21:21:23 | INFO: Primitives created: 1
21:21:23 | INFO: Extracting primitive: Cube.007
21:21:23 | INFO: Primitives created: 1
21:21:23 | INFO: Extracting primitive: Cube.008
21:21:23 | INFO: Primitives created: 1
21:21:23 | INFO: Extracting primitive: Cube.009
21:21:23 | INFO: Primitives created: 1
21:21:23 | INFO: Extracting primitive: Cube.010
21:21:23 | INFO: Primitives created: 1
21:21:23 | INFO: Extracting primitive: Cube.021
21:21:23 | INFO: Primitives created: 1
21:21:23 | INFO: Extracting primitive: Cube.022
21:21:23 | INFO: Primitives created: 1
21:21:23 | INFO: Extracting primitive: Cube.023
21:21:23 | INFO: Primitives created: 1
21:21:23 | INFO: Extracting primitive: Cube.024
21:21:23 | INFO: Primitives created: 1
21:21:23 | INFO: Extracting primitive: Cube.025
21:21:23 | INFO: Primitives created: 1
21:21:23 | INFO: Extracting primitive: Cube.026
21:21:23 | INFO: Primitives created: 1
21:21:23 | INFO: Extracting primitive: Cube.027
21:21:23 | INFO: Primitives created: 1
21:21:23 | INFO: Extracting primitive: Cube.028
21:21:23 | INFO: Primitives created: 1
21:21:23 | INFO: Extracting primitive: Cube.029
21:21:23 | INFO: Primitives created: 1
21:21:23 | INFO: Extracting primitive: Cube.030
21:21:23 | INFO: Primitives created: 1
21:21:23 | INFO: Extracting primitive: Cube.041
21:21:23 | INFO: Primitives created: 1
21:21:23 | INFO: Extracting primitive: Cube.042
21:21:23 | INFO: Primitives created: 1
21:21:23 | INFO: Extracting primitive: Cube.043
21:21:23 | INFO: Primitives created: 1
21:21:23 | INFO: Extracting primitive: Cube.044
21:21:23 | INFO: Primitives created: 1
21:21:23 | INFO: Extracting primitive: Cube.045
21:21:23 | INFO: Primitives created: 1
21:21:23 | INFO: Extracting primitive: Cube.046
21:21:23 | INFO: Primitives created: 1
21:21:23 | INFO: Extracting primitive: Cube.047
21:21:23 | INFO: Primitives created: 1
21:21:23 | INFO: Extracting primitive: Cube.048
21:21:23 | INFO: Primitives created: 1
21:21:23 | INFO: Extracting primitive: Cube.049
21:21:23 | INFO: Primitives created: 1
21:21:23 | INFO: Extracting primitive: Cube.050
21:21:23 | INFO: Primitives created: 1
21:21:23 | INFO: Extracting primitive: Cube.061
21:21:23 | INFO: Primitives created: 1
21:21:23 | INFO: Extracting primitive: Cube.062
21:21:23 | INFO: Primitives created: 1
21:21:23 | INFO: Extracting primitive: Cube.063
21:21:23 | INFO: Primitives created: 1
21:21:23 | INFO: Extracting primitive: Cube.064
21:21:23 | INFO: Primitives created: 1
21:21:23 | INFO: Extracting primitive: Cube.065
21:21:23 | INFO: Primitives created: 1
21:21:23 | INFO: Extracting primitive: Cube.066
21:21:23 | INFO: Primitives created: 1
21:21:23 | INFO: Extracting primitive: Cube.067
21:21:23 | INFO: Primitives created: 1
21:21:23 | INFO: Extracting primitive: Cube.068
21:21:23 | INFO: Primitives created: 1
21:21:23 | INFO: Extracting primitive: Cube.069
21:21:23 | INFO: Primitives created: 1
21:21:23 | INFO: Extracting primitive: Cube.070
21:21:23 | INFO: Primitives created: 1
21:21:23 | INFO: Extracting primitive: Cube.071
21:21:23 | INFO: Primitives created: 1
21:21:23 | INFO: Extracting primitive: Cube.072
21:21:23 | INFO: Primitives created: 1
21:21:23 | INFO: Extracting primitive: Cube.073
21:21:23 | INFO: Primitives created: 1
21:21:23 | INFO: Extracting primitive: Cube.074
21:21:23 | INFO: Primitives created: 1
21:21:23 | INFO: Extracting primitive: Cube.075
21:21:23 | INFO: Primitives created: 1
21:21:23 | INFO: Extracting primitive: Cube.076
21:21:23 | INFO: Primitives created: 1
21:21:23 | INFO: Extracting primitive: Cube.077
21:21:23 | INFO: Primitives created: 1
21:21:23 | INFO: Extracting primitive: Cube.078
21:21:23 | INFO: Primitives created: 1
21:21:23 | INFO: Extracting primitive: Cube.079
21:21:23 | INFO: Primitives created: 1
21:21:23 | INFO: Extracting primitive: Cube.080
21:21:23 | INFO: Primitives created: 1
21:21:23 | INFO: Extracting primitive: Cube.098
21:21:23 | INFO: Primitives created: 1
21:21:23 | INFO: Extracting primitive: Cube.099
21:21:23 | INFO: Primitives created: 1
21:21:23 | INFO: Extracting primitive: Cube.100
21:21:23 | INFO: Primitives created: 1
21:21:23 | INFO: Extracting primitive: Cube.101
21:21:23 | INFO: Primitives created: 1
21:21:23 | INFO: Extracting primitive: Cube.102
21:21:23 | INFO: Primitives created: 1
21:21:23 | INFO: Extracting primitive: Cube.096
21:21:23 | INFO: Primitives created: 1
21:21:23 | INFO: Extracting primitive: Cylinder
21:21:23 | INFO: Primitives created: 1
21:21:23 | INFO: Extracting primitive: Cylinder.001
21:21:23 | INFO: Primitives created: 1
21:21:23 | INFO: Extracting primitive: Cylinder.002
21:21:23 | INFO: Primitives created: 1
21:21:23 | INFO: Extracting primitive: Cylinder.003
21:21:23 | INFO: Primitives created: 1
21:21:23 | INFO: Extracting primitive: Cylinder.004
21:21:23 | INFO: Primitives created: 1
21:21:23 | INFO: Extracting primitive: Cylinder.005
21:21:23 | INFO: Primitives created: 1
21:21:23 | INFO: Extracting primitive: Cylinder.006
21:21:23 | INFO: Primitives created: 1
21:21:23 | INFO: Extracting primitive: Cylinder.007
21:21:23 | INFO: Primitives created: 1
21:21:23 | INFO: Extracting primitive: Cube.162
21:21:23 | INFO: Primitives created: 1
21:21:23 | INFO: Extracting primitive: Cube.164
21:21:23 | INFO: Primitives created: 1
21:21:23 | INFO: Extracting primitive: Cube.166
21:21:23 | INFO: Primitives created: 1
21:21:23 | INFO: Extracting primitive: Cube.168
21:21:23 | INFO: Primitives created: 1
21:21:23 | INFO: Extracting primitive: Cube.170
21:21:23 | INFO: Primitives created: 1
21:21:23 | INFO: Extracting primitive: Cube.163
21:21:23 | INFO: Primitives created: 1
21:21:23 | INFO: Extracting primitive: Cube.165
21:21:23 | INFO: Primitives created: 1
21:21:23 | INFO: Extracting primitive: Cube.167
21:21:23 | INFO: Primitives created: 1
21:21:23 | INFO: Extracting primitive: Cube.151
21:21:23 | INFO: Primitives created: 1
21:21:23 | INFO: Extracting primitive: Cube.152
21:21:23 | INFO: Primitives created: 1
21:21:23 | INFO: Extracting primitive: Cube.153
21:21:23 | INFO: Primitives created: 1
21:21:23 | INFO: Extracting primitive: Cube.154
21:21:23 | INFO: Primitives created: 1
21:21:23 | INFO: Extracting primitive: Cube.155
21:21:23 | INFO: Primitives created: 1
21:21:23 | INFO: Extracting primitive: Cube.156
21:21:23 | INFO: Primitives created: 1
21:21:23 | INFO: Extracting primitive: Cube.157
21:21:23 | INFO: Primitives created: 1
21:21:23 | INFO: Extracting primitive: Cube.158
21:21:23 | INFO: Primitives created: 1
21:21:23 | INFO: Extracting primitive: Cube.159
21:21:23 | INFO: Primitives created: 1
21:21:23 | INFO: Extracting primitive: Cube.160
21:21:23 | INFO: Primitives created: 1
21:21:23 | INFO: Extracting primitive: Cube.161
21:21:23 | INFO: Primitives created: 1
21:21:23 | INFO: Extracting primitive: Cube.169
21:21:23 | INFO: Primitives created: 1
21:21:23 | INFO: Extracting primitive: Cube.171
21:21:23 | INFO: Primitives created: 1
21:21:23 | INFO: Extracting primitive: Cube.148
21:21:23 | INFO: Primitives created: 1
21:21:23 | INFO: Extracting primitive: Cube.149
21:21:23 | INFO: Primitives created: 1
21:21:23 | INFO: Extracting primitive: Cube.150
21:21:23 | INFO: Primitives created: 1
21:21:23 | INFO: Extracting primitive: Cube.120
21:21:23 | INFO: Primitives created: 1
21:21:23 | INFO: Extracting primitive: Cube.119
21:21:23 | INFO: Primitives created: 1
21:21:23 | INFO: Extracting primitive: Cube.121
21:21:23 | INFO: Primitives created: 1
21:21:23 | INFO: Extracting primitive: Cube.122
21:21:23 | INFO: Primitives created: 1
21:21:23 | INFO: Extracting primitive: Cube.118
21:21:23 | INFO: Primitives created: 1
21:21:23 | INFO: Extracting primitive: Cylinder.077
21:21:23 | INFO: Primitives created: 1
21:21:23 | INFO: Extracting primitive: Cylinder.078
21:21:23 | INFO: Primitives created: 1
21:21:23 | INFO: Extracting primitive: Cube.124
21:21:23 | INFO: Primitives created: 1
21:21:23 | INFO: Extracting primitive: Cube.123
21:21:23 | INFO: Primitives created: 1
21:21:23 | INFO: Extracting primitive: Estimated wrist camera support
21:21:23 | INFO: Primitives created: 1
21:21:23 | INFO: Extracting primitive: Cube.125
21:21:23 | INFO: Primitives created: 1
21:21:23 | INFO: Extracting primitive: Cylinder.079
21:21:23 | INFO: Primitives created: 1
21:21:23 | INFO: Extracting primitive: moving_jaw_so101_v1
21:21:23 | INFO: Primitives created: 1
21:21:23 | INFO: Extracting primitive: sts3215_03a_v1.004
21:21:23 | INFO: Primitives created: 1
21:21:23 | INFO: Extracting primitive: wrist_roll_follower_so101_v1
21:21:23 | INFO: Primitives created: 1
21:21:24 | INFO: Extracting primitive: sts3215_03a_no_horn_v1
21:21:24 | INFO: Primitives created: 1
21:21:24 | INFO: Extracting primitive: wrist_roll_pitch_so101_v2
21:21:24 | INFO: Primitives created: 1
21:21:24 | INFO: Extracting primitive: under_arm_so101_v1
21:21:24 | INFO: Primitives created: 1
21:21:24 | INFO: Extracting primitive: motor_holder_so101_wrist_v1
21:21:24 | INFO: Primitives created: 1
21:21:24 | INFO: Extracting primitive: sts3215_03a_v1.003
21:21:24 | INFO: Primitives created: 1
21:21:24 | INFO: Extracting primitive: sts3215_03a_v1.002
21:21:24 | INFO: Primitives created: 1
21:21:24 | INFO: Extracting primitive: upper_arm_so101_v1
21:21:24 | INFO: Primitives created: 1
21:21:24 | INFO: Extracting primitive: sts3215_03a_v1.001
21:21:24 | INFO: Primitives created: 1
21:21:24 | INFO: Extracting primitive: motor_holder_so101_base_v1
21:21:24 | INFO: Primitives created: 1
21:21:24 | INFO: Extracting primitive: rotation_pitch_so101_v1
21:21:24 | INFO: Primitives created: 1
21:21:24 | INFO: Extracting primitive: base_motor_holder_so101_v1
21:21:24 | INFO: Primitives created: 1
21:21:24 | INFO: Extracting primitive: base_so101_v2
21:21:24 | INFO: Primitives created: 1
21:21:24 | INFO: Extracting primitive: sts3215_03a_v1
21:21:24 | INFO: Primitives created: 1
21:21:24 | INFO: Extracting primitive: waveshare_mounting_plate_so101_v2
21:21:24 | INFO: Primitives created: 1
21:21:24 | INFO: Extracting primitive: Cylinder.009
21:21:24 | INFO: Primitives created: 1
21:21:24 | INFO: Extracting primitive: Cylinder.019
21:21:24 | INFO: Primitives created: 1
21:21:24 | INFO: Extracting primitive: Cube.104
21:21:24 | INFO: Primitives created: 1
21:21:24 | INFO: Extracting primitive: Cube.105
21:21:24 | INFO: Primitives created: 1
21:21:24 | INFO: Extracting primitive: Cylinder.011
21:21:24 | INFO: Primitives created: 1
21:21:24 | INFO: Extracting primitive: Cylinder.012
21:21:24 | INFO: Primitives created: 1
21:21:24 | INFO: Extracting primitive: Cylinder.013
21:21:24 | INFO: Primitives created: 1
21:21:24 | INFO: Extracting primitive: Cylinder.014
21:21:24 | INFO: Primitives created: 1
21:21:24 | INFO: Extracting primitive: Cylinder.015
21:21:24 | INFO: Primitives created: 1
21:21:24 | INFO: Extracting primitive: Cylinder.016
21:21:24 | INFO: Primitives created: 1
21:21:24 | INFO: Extracting primitive: Cylinder.017
21:21:24 | INFO: Primitives created: 1
21:21:24 | INFO: Extracting primitive: Cylinder.018
21:21:24 | INFO: Primitives created: 1
21:21:24 | INFO: Extracting primitive: Cylinder.021
21:21:24 | INFO: Primitives created: 1
21:21:24 | INFO: Extracting primitive: Cylinder.022
21:21:24 | INFO: Primitives created: 1
21:21:24 | INFO: Extracting primitive: Cylinder.023
21:21:24 | INFO: Primitives created: 1
21:21:24 | INFO: Extracting primitive: Cylinder.024
21:21:24 | INFO: Primitives created: 1
21:21:24 | INFO: Extracting primitive: Cylinder.025
21:21:24 | INFO: Primitives created: 1
21:21:24 | INFO: Extracting primitive: Cylinder.026
21:21:24 | INFO: Primitives created: 1
21:21:24 | INFO: Extracting primitive: Cylinder.027
21:21:24 | INFO: Primitives created: 1
21:21:24 | INFO: Extracting primitive: Cylinder.028
21:21:24 | INFO: Primitives created: 1
21:21:24 | INFO: Extracting primitive: Cylinder.029
21:21:24 | INFO: Primitives created: 1
21:21:24 | INFO: Extracting primitive: Cylinder.008
21:21:24 | INFO: Primitives created: 1
21:21:24 | INFO: Extracting primitive: Cylinder.010
21:21:24 | INFO: Primitives created: 1
21:21:24 | INFO: Extracting primitive: Cylinder.020
21:21:24 | INFO: Primitives created: 1
21:21:24 | INFO: Extracting primitive: Cube.103
21:21:24 | INFO: Primitives created: 1
21:21:24 | INFO: Extracting primitive: Cylinder.032
21:21:24 | INFO: Primitives created: 1
21:21:24 | INFO: Extracting primitive: Cylinder.042
21:21:24 | INFO: Primitives created: 1
21:21:24 | INFO: Extracting primitive: Cube.109
21:21:24 | INFO: Primitives created: 1
21:21:24 | INFO: Extracting primitive: Cube.110
21:21:24 | INFO: Primitives created: 1
21:21:24 | INFO: Extracting primitive: Cylinder.034
21:21:24 | INFO: Primitives created: 1
21:21:24 | INFO: Extracting primitive: Cylinder.035
21:21:24 | INFO: Primitives created: 1
21:21:24 | INFO: Extracting primitive: Cylinder.036
21:21:24 | INFO: Primitives created: 1
21:21:24 | INFO: Extracting primitive: Cylinder.037
21:21:24 | INFO: Primitives created: 1
21:21:24 | INFO: Extracting primitive: Cylinder.038
21:21:24 | INFO: Primitives created: 1
21:21:24 | INFO: Extracting primitive: Cylinder.039
21:21:24 | INFO: Primitives created: 1
21:21:24 | INFO: Extracting primitive: Cylinder.040
21:21:24 | INFO: Primitives created: 1
21:21:24 | INFO: Extracting primitive: Cylinder.041
21:21:24 | INFO: Primitives created: 1
21:21:24 | INFO: Extracting primitive: Cylinder.044
21:21:24 | INFO: Primitives created: 1
21:21:24 | INFO: Extracting primitive: Cylinder.045
21:21:24 | INFO: Primitives created: 1
21:21:24 | INFO: Extracting primitive: Cylinder.046
21:21:24 | INFO: Primitives created: 1
21:21:24 | INFO: Extracting primitive: Cylinder.047
21:21:24 | INFO: Primitives created: 1
21:21:24 | INFO: Extracting primitive: Cylinder.048
21:21:24 | INFO: Primitives created: 1
21:21:24 | INFO: Extracting primitive: Cylinder.049
21:21:24 | INFO: Primitives created: 1
21:21:24 | INFO: Extracting primitive: Cylinder.050
21:21:24 | INFO: Primitives created: 1
21:21:24 | INFO: Extracting primitive: Cylinder.051
21:21:24 | INFO: Primitives created: 1
21:21:24 | INFO: Extracting primitive: Cylinder.052
21:21:24 | INFO: Primitives created: 1
21:21:24 | INFO: Extracting primitive: Cylinder.031
21:21:24 | INFO: Primitives created: 1
21:21:24 | INFO: Extracting primitive: Cylinder.033
21:21:24 | INFO: Primitives created: 1
21:21:24 | INFO: Extracting primitive: Cylinder.043
21:21:24 | INFO: Primitives created: 1
21:21:24 | INFO: Extracting primitive: Cube.108
21:21:24 | INFO: Primitives created: 1
21:21:24 | INFO: Extracting primitive: Cylinder.055
21:21:24 | INFO: Primitives created: 1
21:21:24 | INFO: Extracting primitive: Cylinder.065
21:21:24 | INFO: Primitives created: 1
21:21:24 | INFO: Extracting primitive: Cube.114
21:21:24 | INFO: Primitives created: 1
21:21:24 | INFO: Extracting primitive: Cube.115
21:21:24 | INFO: Primitives created: 1
21:21:24 | INFO: Extracting primitive: Cylinder.057
21:21:24 | INFO: Primitives created: 1
21:21:24 | INFO: Extracting primitive: Cylinder.058
21:21:24 | INFO: Primitives created: 1
21:21:24 | INFO: Extracting primitive: Cylinder.059
21:21:24 | INFO: Primitives created: 1
21:21:24 | INFO: Extracting primitive: Cylinder.060
21:21:24 | INFO: Primitives created: 1
21:21:24 | INFO: Extracting primitive: Cylinder.061
21:21:24 | INFO: Primitives created: 1
21:21:24 | INFO: Extracting primitive: Cylinder.062
21:21:24 | INFO: Primitives created: 1
21:21:24 | INFO: Extracting primitive: Cylinder.063
21:21:24 | INFO: Primitives created: 1
21:21:24 | INFO: Extracting primitive: Cylinder.064
21:21:24 | INFO: Primitives created: 1
21:21:24 | INFO: Extracting primitive: Cylinder.067
21:21:24 | INFO: Primitives created: 1
21:21:24 | INFO: Extracting primitive: Cylinder.068
21:21:24 | INFO: Primitives created: 1
21:21:24 | INFO: Extracting primitive: Cylinder.069
21:21:24 | INFO: Primitives created: 1
21:21:24 | INFO: Extracting primitive: Cylinder.070
21:21:24 | INFO: Primitives created: 1
21:21:24 | INFO: Extracting primitive: Cylinder.071
21:21:24 | INFO: Primitives created: 1
21:21:24 | INFO: Extracting primitive: Cylinder.072
21:21:24 | INFO: Primitives created: 1
21:21:24 | INFO: Extracting primitive: Cylinder.073
21:21:24 | INFO: Primitives created: 1
21:21:24 | INFO: Extracting primitive: Cylinder.074
21:21:24 | INFO: Primitives created: 1
21:21:24 | INFO: Extracting primitive: Cylinder.075
21:21:24 | INFO: Primitives created: 1
21:21:24 | INFO: Extracting primitive: Cylinder.054
21:21:24 | INFO: Primitives created: 1
21:21:24 | INFO: Extracting primitive: Cylinder.056
21:21:24 | INFO: Primitives created: 1
21:21:24 | INFO: Extracting primitive: Cylinder.066
21:21:24 | INFO: Primitives created: 1
21:21:24 | INFO: Extracting primitive: Cube.113
21:21:24 | INFO: Primitives created: 1
21:21:24 | INFO: Extracting primitive: Cylinder.080
21:21:24 | INFO: Primitives created: 1
21:21:24 | INFO: Extracting primitive: Cube.126
21:21:24 | INFO: Primitives created: 1
21:21:24 | INFO: Extracting primitive: D435 source triangles
21:21:24 | INFO: Primitives created: 1
21:21:24 | INFO: Extracting primitive: D435 source triangles.001
21:21:24 | INFO: Primitives created: 1
21:21:24 | INFO: Extracting primitive: D435 source triangles.002
21:21:24 | INFO: Primitives created: 1
21:21:24 | INFO: Extracting primitive: D435 source triangles.003
21:21:24 | INFO: Primitives created: 1
21:21:24 | INFO: Extracting primitive: D435 source triangles.004
21:21:24 | INFO: Primitives created: 1
21:21:24 | INFO: Extracting primitive: D435 source triangles.005
21:21:24 | INFO: Primitives created: 1
21:21:24 | INFO: Extracting primitive: D435 source triangles.006
21:21:24 | INFO: Primitives created: 1
21:21:24 | INFO: Extracting primitive: D435 source triangles.007
21:21:24 | INFO: Primitives created: 1
21:21:24 | INFO: Extracting primitive: D435 source triangles.008
21:21:24 | INFO: Primitives created: 1
21:21:24 | INFO: Extracting primitive: D435 source triangles.009
21:21:24 | INFO: Primitives created: 1
21:21:24 | INFO: Extracting primitive: D435 source triangles.010
21:21:24 | INFO: Primitives created: 1
21:21:24 | INFO: Extracting primitive: D435 source triangles.011
21:21:24 | INFO: Primitives created: 1
21:21:24 | INFO: Extracting primitive: D435 source triangles.012
21:21:24 | INFO: Primitives created: 1
21:21:24 | INFO: Extracting primitive: D435 source triangles.013
21:21:24 | INFO: Primitives created: 1
21:21:24 | INFO: Extracting primitive: D435 source triangles.014
21:21:24 | INFO: Primitives created: 1
21:21:24 | INFO: Extracting primitive: D435 source triangles.015
21:21:24 | INFO: Primitives created: 1
21:21:24 | INFO: Extracting primitive: D435 source triangles.016
21:21:24 | INFO: Primitives created: 1
21:21:24 | INFO: Extracting primitive: D435 source triangles.017
21:21:24 | INFO: Primitives created: 1
21:21:24 | INFO: Extracting primitive: Cylinder.081
21:21:24 | INFO: Primitives created: 1
21:21:24 | INFO: Extracting primitive: Cylinder.082
21:21:24 | INFO: Primitives created: 1
21:21:24 | INFO: Extracting primitive: Sphere
21:21:24 | INFO: Primitives created: 1
21:21:24 | INFO: Extracting primitive: Cube.127
21:21:24 | INFO: Primitives created: 1
21:21:24 | INFO: Extracting primitive: Cube.128
21:21:24 | INFO: Primitives created: 1
21:21:24 | INFO: Extracting primitive: Cube.129
21:21:24 | INFO: Primitives created: 1
21:21:24 | INFO: Extracting primitive: Cube.130
21:21:24 | INFO: Primitives created: 1
21:21:24 | INFO: Extracting primitive: Cube.131
21:21:24 | INFO: Primitives created: 1
21:21:24 | INFO: Extracting primitive: Cube.132
21:21:24 | INFO: Primitives created: 1
21:21:24 | INFO: Extracting primitive: Cube.133
21:21:24 | INFO: Primitives created: 1
21:21:24 | INFO: Extracting primitive: Cube.134
21:21:24 | INFO: Primitives created: 1
21:21:24 | INFO: Extracting primitive: Cube.135
21:21:24 | INFO: Primitives created: 1
21:21:24 | INFO: Extracting primitive: Cube.136
21:21:24 | INFO: Primitives created: 1
21:21:24 | INFO: Extracting primitive: Cube.137
21:21:24 | INFO: Primitives created: 1
21:21:24 | INFO: Extracting primitive: Cube.138
21:21:24 | INFO: Primitives created: 1
21:21:24 | INFO: Extracting primitive: Cube.139
21:21:24 | INFO: Primitives created: 1
21:21:24 | INFO: Extracting primitive: Cube.140
21:21:24 | INFO: Primitives created: 1
21:21:24 | INFO: Extracting primitive: Cube.141
21:21:24 | INFO: Primitives created: 1
21:21:24 | INFO: Extracting primitive: Cube.142
21:21:24 | INFO: Primitives created: 1
21:21:24 | INFO: Extracting primitive: Cylinder.083
21:21:24 | INFO: Primitives created: 1
21:21:24 | INFO: Extracting primitive: Cylinder.084
21:21:24 | INFO: Primitives created: 1
21:21:24 | INFO: Extracting primitive: Cube.097
21:21:24 | INFO: Primitives created: 1
21:21:24 | INFO: Extracting primitive: Cube.143
21:21:24 | INFO: Primitives created: 1
21:21:24 | INFO: Extracting primitive: Cube.144
21:21:24 | INFO: Primitives created: 1
21:21:24 | INFO: Extracting primitive: Cube.145
21:21:24 | INFO: Primitives created: 1
21:21:24 | INFO: Extracting primitive: Cube.146
21:21:24 | INFO: Primitives created: 1
21:21:24 | INFO: Extracting primitive: Cube.147
21:21:24 | INFO: Primitives created: 1
21:21:24 | INFO: Extracting primitive: Representative electrical loom
21:21:24 | INFO: Primitives created: 1
21:21:24 | INFO: Extracting primitive: Representative electrical loom.001
21:21:24 | INFO: Primitives created: 1
21:21:24 | INFO: Extracting primitive: Representative electrical loom.002
21:21:24 | INFO: Primitives created: 1
21:21:24 | INFO: Extracting primitive: Representative electrical loom.003
21:21:24 | INFO: Primitives created: 1
21:21:24 | INFO: Extracting primitive: Representative electrical loom.004
21:21:24 | INFO: Primitives created: 1
21:21:24 | INFO: Extracting primitive: Cube.106
21:21:24 | INFO: Primitives created: 1
21:21:24 | INFO: Extracting primitive: Cube.111
21:21:24 | INFO: Primitives created: 1
21:21:24 | INFO: Extracting primitive: Cube.116
21:21:24 | INFO: Primitives created: 1
21:21:24 | INFO: Extracting primitive: Cylinder.030
21:21:24 | INFO: Primitives created: 1
21:21:24 | INFO: Extracting primitive: Cylinder.053
21:21:24 | INFO: Primitives created: 1
21:21:24 | INFO: Extracting primitive: Cylinder.076
21:21:24 | INFO: Primitives created: 1
21:21:24 | INFO: Extracting primitive: Cube.107
21:21:24 | INFO: Primitives created: 1
21:21:24 | INFO: Extracting primitive: Cube.112
21:21:24 | INFO: Primitives created: 1
21:21:24 | INFO: Extracting primitive: Cube.117
21:21:24 | INFO: Primitives created: 1
21:21:24 | INFO: Finished glTF 2.0 export in 1.0417900085449219 s
00:13.053  render           | Saved: '/Users/ruan-x/Documents/FY27/robot-3d-asset/renders/assembled.png'
00:20.197  render           | Saved: '/Users/ruan-x/Documents/FY27/robot-3d-asset/renders/exploded.png'
00:27.703  render           | Saved: '/Users/ruan-x/Documents/FY27/robot-3d-asset/renders/arm-detail.png'

BUILD_COMPLETE 18 components
Blender 5.2.2 LTS (hash d13f752e3b9c built 2026-09-15 01:49:19)
Timer 'STL Import' took 4.46 ms
Timer 'STL Import' took 1.38 ms
Timer 'STL Import' took 2.13 ms
Timer 'STL Import' took 0.46 ms
Timer 'STL Import' took 2.51 ms
Timer 'STL Import' took 2.70 ms
Timer 'STL Import' took 2.21 ms
Timer 'STL Import' took 2.11 ms
Timer 'STL Import' took 2.90 ms
Timer 'STL Import' took 3.90 ms
Timer 'STL Import' took 2.22 ms
Timer 'STL Import' took 2.36 ms
Timer 'STL Import' took 2.09 ms
Timer 'STL Import' took 5.59 ms
Timer 'STL Import' took 2.15 ms
Timer 'STL Import' took 3.07 ms
Timer 'STL Import' took 3.17 ms

Blender quit
